Jan  1 00:00:06 3dr_solo user.notice kernel: klogd started: BusyBox v1.21.1 (2020-01-26 18:29:54 UTC)
Jan  1 00:00:06 3dr_solo user.info kernel: Booting Linux on physical CPU 0x0
Jan  1 00:00:06 3dr_solo user.notice kernel: Linux version 3.10.17-rt12-1.0.0_ga+g4176d57 (vagrant@vagrant-ubuntu-trusty-64) (gcc version 4.8.1 (GCC) ) #2 SMP PREEMPT Sun Jan 26 18:42:18 UTC 2020
Jan  1 00:00:06 3dr_solo user.warn kernel: CPU: ARMv7 Processor [412fc09a] revision 10 (ARMv7), cr=10c53c7d
Jan  1 00:00:06 3dr_solo user.warn kernel: CPU: PIPT / VIPT nonaliasing data cache, VIPT aliasing instruction cache
Jan  1 00:00:06 3dr_solo user.info kernel: Machine: Freescale i.MX6 Quad/DualLite (Device Tree), model: 3DRobotics i.MX6 Solo HDTC
Jan  1 00:00:06 3dr_solo user.info kernel: cma: CMA: reserved 320 MiB at 1c000000
Jan  1 00:00:06 3dr_solo user.warn kernel: Memory policy: ECC disabled, Data cache writealloc
Jan  1 00:00:06 3dr_solo user.debug kernel: On node 0 totalpages: 131072
Jan  1 00:00:06 3dr_solo user.debug kernel: free_area_init_node: node 0, pgdat 81004bc0, node_mem_map 81069000
Jan  1 00:00:06 3dr_solo user.debug kernel:   DMA zone: 1024 pages used for memmap
Jan  1 00:00:06 3dr_solo user.debug kernel:   DMA zone: 0 pages reserved
Jan  1 00:00:06 3dr_solo user.debug kernel:   DMA zone: 131072 pages, LIFO batch:31
Jan  1 00:00:06 3dr_solo user.info kernel: PERCPU: Embedded 8 pages/cpu @8147b000 s9024 r8192 d15552 u32768
Jan  1 00:00:06 3dr_solo user.debug kernel: pcpu-alloc: s9024 r8192 d15552 u32768 alloc=8*4096
Jan  1 00:00:06 3dr_solo user.debug kernel: pcpu-alloc: [0] 0 
Jan  1 00:00:06 3dr_solo user.warn kernel: Built 1 zonelists in Zone order, mobility grouping on.  Total pages: 130048
Jan  1 00:00:06 3dr_solo user.notice kernel: Kernel command line: console=ttymxc3,115200 nosmp root=/dev/mmcblk0p2 rootwait ro video=mxcfb0:dev=hdmi,1280x720M@60 consoleblank=0 factoryreset=0 vt.global_cursor_default=0
Jan  1 00:00:06 3dr_solo user.info kernel: PID hash table entries: 2048 (order: 1, 8192 bytes)
Jan  1 00:00:06 3dr_solo user.info kernel: Dentry cache hash table entries: 65536 (order: 6, 262144 bytes)
Jan  1 00:00:06 3dr_solo user.info kernel: Inode-cache hash table entries: 32768 (order: 5, 131072 bytes)
Jan  1 00:00:06 3dr_solo user.info kernel: Memory: 512MB = 512MB total
Jan  1 00:00:06 3dr_solo user.notice kernel: Memory: 174496k/174496k available, 349792k reserved, 0K highmem
Jan  1 00:00:06 3dr_solo user.notice kernel: Virtual kernel memory layout:
Jan  1 00:00:06 3dr_solo user.notice kernel:     vector  : 0xffff0000 - 0xffff1000   (   4 kB)
Jan  1 00:00:06 3dr_solo user.notice kernel:     fixmap  : 0xfff00000 - 0xfffe0000   ( 896 kB)
Jan  1 00:00:06 3dr_solo user.notice kernel:     vmalloc : 0xa0800000 - 0xff000000   (1512 MB)
Jan  1 00:00:06 3dr_solo user.notice kernel:     lowmem  : 0x80000000 - 0xa0000000   ( 512 MB)
Jan  1 00:00:06 3dr_solo user.notice kernel:     pkmap   : 0x7fe00000 - 0x80000000   (   2 MB)
Jan  1 00:00:06 3dr_solo user.notice kernel:     modules : 0x7f000000 - 0x7fe00000   (  14 MB)
Jan  1 00:00:06 3dr_solo user.notice kernel:       .text : 0x80008000 - 0x8065018c   (6433 kB)
Jan  1 00:00:06 3dr_solo user.notice kernel:       .init : 0x80651000 - 0x80fcc340   (9709 kB)
Jan  1 00:00:06 3dr_solo user.notice kernel:       .data : 0x80fce000 - 0x81006040   ( 225 kB)
Jan  1 00:00:06 3dr_solo user.notice kernel:        .bss : 0x81006040 - 0x81068320   ( 393 kB)
Jan  1 00:00:06 3dr_solo user.info kernel: SLUB: HWalign=64, Order=0-3, MinObjects=0, CPUs=1, Nodes=1
Jan  1 00:00:06 3dr_solo user.info kernel: Preemptible hierarchical RCU implementation.
Jan  1 00:00:06 3dr_solo user.info kernel: 	RCU restricting CPUs from NR_CPUS=4 to nr_cpu_ids=1.
Jan  1 00:00:06 3dr_solo user.info kernel: NR_IRQS:16 nr_irqs:16 16
Jan  1 00:00:06 3dr_solo user.info kernel: L310 cache controller enabled
Jan  1 00:00:06 3dr_solo user.info kernel: l2x0: 16 ways, CACHE_ID 0x410000c8, AUX_CTRL 0x32050000, Cache size: 524288 B
Jan  1 00:00:06 3dr_solo user.info kernel: sched_clock: 32 bits at 3000kHz, resolution 333ns, wraps every 1431655ms
Jan  1 00:00:06 3dr_solo user.info kernel: CPU identified as i.MX6DL, silicon rev 1.3
Jan  1 00:00:06 3dr_solo user.info kernel: Console: colour dummy device 80x30
Jan  1 00:00:06 3dr_solo user.info kernel: Calibrating delay loop... 1581.05 BogoMIPS (lpj=7905280)
Jan  1 00:00:06 3dr_solo user.info kernel: pid_max: default: 32768 minimum: 301
Jan  1 00:00:06 3dr_solo user.info kernel: Mount-cache hash table entries: 512
Jan  1 00:00:06 3dr_solo user.info kernel: CPU: Testing write buffer coherency: ok
Jan  1 00:00:06 3dr_solo user.info kernel: CPU0: thread -1, cpu 0, socket 0, mpidr 80000000
Jan  1 00:00:06 3dr_solo user.info kernel: Setting up static identity map for 0x804a7f78 - 0x804a7fd0
Jan  1 00:00:06 3dr_solo user.info kernel: Brought up 1 CPUs
Jan  1 00:00:06 3dr_solo user.info kernel: SMP: Total of 1 processors activated (1581.05 BogoMIPS).
Jan  1 00:00:06 3dr_solo user.info kernel: CPU: All CPU(s) started in SVC mode.
Jan  1 00:00:06 3dr_solo user.info kernel: devtmpfs: initialized
Jan  1 00:00:06 3dr_solo user.info kernel: pinctrl core: initialized pinctrl subsystem
Jan  1 00:00:06 3dr_solo user.info kernel: regulator-dummy: no parameters
Jan  1 00:00:06 3dr_solo user.info kernel: NET: Registered protocol family 16
Jan  1 00:00:06 3dr_solo user.info kernel: DMA: preallocated 256 KiB pool for atomic coherent allocations
Jan  1 00:00:06 3dr_solo user.info kernel: Use WDOG1 as reset source
Jan  1 00:00:06 3dr_solo user.info kernel: syscon 20c8000.anatop: regmap [mem 0x020c8000-0x020c8fff] registered
Jan  1 00:00:06 3dr_solo user.info kernel: vdd1p1: 800 <--> 1375 mV at 1125 mV 
Jan  1 00:00:06 3dr_solo user.info kernel: vdd3p0: 2800 <--> 3150 mV at 3000 mV 
Jan  1 00:00:06 3dr_solo user.info kernel: vdd2p5: 2000 <--> 2750 mV at 2425 mV 
Jan  1 00:00:06 3dr_solo user.info kernel: cpu: 725 <--> 1450 mV at 1150 mV 
Jan  1 00:00:06 3dr_solo user.info kernel: vddpu: 725 <--> 1450 mV 
Jan  1 00:00:06 3dr_solo user.info kernel: vddsoc: 725 <--> 1450 mV at 1200 mV 
Jan  1 00:00:06 3dr_solo user.info kernel: syscon 20e0000.iomuxc-gpr: regmap [mem 0x020e0000-0x020e0037] registered
Jan  1 00:00:06 3dr_solo user.info kernel: syscon 21bc000.ocotp-ctrl: regmap [mem 0x021bc000-0x021bffff] registered
Jan  1 00:00:06 3dr_solo user.info kernel: hw-breakpoint: found 5 (+1 reserved) breakpoint and 1 watchpoint registers.
Jan  1 00:00:06 3dr_solo user.info kernel: hw-breakpoint: maximum watchpoint size is 4 bytes.
Jan  1 00:00:06 3dr_solo user.info kernel: imx6dl-pinctrl 20e0000.iomuxc: initialized IMX pinctrl driver
Jan  1 00:00:06 3dr_solo user.info kernel: bio: create slab <bio-0> at 0
Jan  1 00:00:06 3dr_solo user.info kernel: mxs-dma 110000.dma-apbh: initialized
Jan  1 00:00:06 3dr_solo user.info kernel: usb_otg_vbus: 5000 mV 
Jan  1 00:00:06 3dr_solo user.info kernel: usb_h1_vbus: 5000 mV 
Jan  1 00:00:06 3dr_solo user.info kernel: 3P3V: 3300 mV 
Jan  1 00:00:06 3dr_solo user.info kernel: 1P8V: 1800 mV 
Jan  1 00:00:06 3dr_solo user.info kernel: vgaarb: loaded
Jan  1 00:00:06 3dr_solo user.info kernel: usbcore: registered new interface driver usbfs
Jan  1 00:00:06 3dr_solo user.info kernel: usbcore: registered new interface driver hub
Jan  1 00:00:06 3dr_solo user.info kernel: usbcore: registered new device driver usb
Jan  1 00:00:06 3dr_solo user.info kernel: i2c i2c-0: IMX I2C adapter registered
Jan  1 00:00:06 3dr_solo user.info kernel: i2c i2c-1: IMX I2C adapter registered
Jan  1 00:00:06 3dr_solo user.info kernel: Linux video capture interface: v2.00
Jan  1 00:00:06 3dr_solo user.info kernel: pps_core: LinuxPPS API ver. 1 registered
Jan  1 00:00:06 3dr_solo user.info kernel: pps_core: Software ver. 5.3.6 - Copyright 2005-2007 Rodolfo Giometti <giometti@linux.it>
Jan  1 00:00:06 3dr_solo user.info kernel: PTP clock support registered
Jan  1 00:00:06 3dr_solo user.info kernel: imx-ipuv3 2400000.ipu: IPU DMFC NORMAL mode: 1(0~1), 5B(4,5), 5F(6,7)
Jan  1 00:00:06 3dr_solo user.info kernel: Advanced Linux Sound Architecture Driver Initialized.
Jan  1 00:00:06 3dr_solo user.info kernel: Switching to clocksource mxc_timer1
Jan  1 00:00:06 3dr_solo user.info kernel: PCI host bridge to bus 0000:00
Jan  1 00:00:06 3dr_solo user.info kernel: pci_bus 0000:00: root bus resource [io  0x1000-0x10000]
Jan  1 00:00:06 3dr_solo user.info kernel: pci_bus 0000:00: root bus resource [mem 0x01000000-0x01efffff]
Jan  1 00:00:06 3dr_solo user.info kernel: pci_bus 0000:00: No busn resource found for root bus, will use [bus 00-ff]
Jan  1 00:00:06 3dr_solo user.debug kernel: pci 0000:00:00.0: [16c3:abcd] type 01 class 0x060400
Jan  1 00:00:06 3dr_solo user.debug kernel: pci 0000:00:00.0: reg 10: [mem 0x00000000-0x000fffff]
Jan  1 00:00:06 3dr_solo user.debug kernel: pci 0000:00:00.0: reg 38: [mem 0x00000000-0x0000ffff pref]
Jan  1 00:00:06 3dr_solo user.debug kernel: pci 0000:00:00.0: supports D1
Jan  1 00:00:06 3dr_solo user.debug kernel: pci 0000:00:00.0: PME# supported from D0 D1 D3hot D3cold
Jan  1 00:00:06 3dr_solo user.info kernel: PCI: bus0: Fast back to back transfers disabled
Jan  1 00:00:06 3dr_solo user.debug kernel: pci 0000:01:00.0: [168c:0030] type 00 class 0x028000
Jan  1 00:00:06 3dr_solo user.debug kernel: pci 0000:01:00.0: reg 10: [mem 0x00000000-0x0001ffff 64bit]
Jan  1 00:00:06 3dr_solo user.debug kernel: pci 0000:01:00.0: reg 30: [mem 0x00000000-0x0000ffff pref]
Jan  1 00:00:06 3dr_solo user.debug kernel: pci 0000:01:00.0: supports D1
Jan  1 00:00:06 3dr_solo user.debug kernel: pci 0000:01:00.0: PME# supported from D0 D1 D3hot
Jan  1 00:00:06 3dr_solo user.info kernel: PCI: bus1: Fast back to back transfers disabled
Jan  1 00:00:06 3dr_solo user.debug kernel: pci_bus 0000:01: busn_res: [bus 01-ff] end is updated to 01
Jan  1 00:00:06 3dr_solo user.debug kernel: pci_bus 0000:00: busn_res: [bus 00-ff] end is updated to 01
Jan  1 00:00:06 3dr_solo user.info kernel: pci 0000:00:00.0: BAR 0: assigned [mem 0x01000000-0x010fffff]
Jan  1 00:00:06 3dr_solo user.info kernel: pci 0000:00:00.0: BAR 8: assigned [mem 0x01100000-0x011fffff]
Jan  1 00:00:06 3dr_solo user.info kernel: pci 0000:00:00.0: BAR 9: assigned [mem 0x01200000-0x012fffff pref]
Jan  1 00:00:06 3dr_solo user.info kernel: pci 0000:00:00.0: BAR 6: assigned [mem 0x01300000-0x0130ffff pref]
Jan  1 00:00:06 3dr_solo user.info kernel: pci 0000:01:00.0: BAR 0: assigned [mem 0x01100000-0x0111ffff 64bit]
Jan  1 00:00:06 3dr_solo user.info kernel: pci 0000:01:00.0: BAR 6: assigned [mem 0x01200000-0x0120ffff pref]
Jan  1 00:00:06 3dr_solo user.info kernel: pci 0000:00:00.0: PCI bridge to [bus 01]
Jan  1 00:00:06 3dr_solo user.info kernel: pci 0000:00:00.0:   bridge window [mem 0x01100000-0x011fffff]
Jan  1 00:00:06 3dr_solo user.info kernel: pci 0000:00:00.0:   bridge window [mem 0x01200000-0x012fffff pref]
Jan  1 00:00:06 3dr_solo user.debug kernel: pci_bus 0000:00: resource 4 [io  0x1000-0x10000]
Jan  1 00:00:06 3dr_solo user.debug kernel: pci_bus 0000:00: resource 5 [mem 0x01000000-0x01efffff]
Jan  1 00:00:06 3dr_solo user.debug kernel: pci_bus 0000:01: resource 1 [mem 0x01100000-0x011fffff]
Jan  1 00:00:06 3dr_solo user.debug kernel: pci_bus 0000:01: resource 2 [mem 0x01200000-0x012fffff pref]
Jan  1 00:00:06 3dr_solo user.info kernel: NET: Registered protocol family 2
Jan  1 00:00:06 3dr_solo user.info kernel: TCP established hash table entries: 4096 (order: 3, 32768 bytes)
Jan  1 00:00:06 3dr_solo user.info kernel: TCP bind hash table entries: 4096 (order: 3, 32768 bytes)
Jan  1 00:00:06 3dr_solo user.info kernel: TCP: Hash tables configured (established 4096 bind 4096)
Jan  1 00:00:06 3dr_solo user.info kernel: TCP: reno registered
Jan  1 00:00:06 3dr_solo user.info kernel: UDP hash table entries: 256 (order: 1, 8192 bytes)
Jan  1 00:00:06 3dr_solo user.info kernel: UDP-Lite hash table entries: 256 (order: 1, 8192 bytes)
Jan  1 00:00:06 3dr_solo user.info kernel: NET: Registered protocol family 1
Jan  1 00:00:06 3dr_solo user.debug kernel: PCI: CLS 64 bytes, default 64
Jan  1 00:00:06 3dr_solo user.info kernel: hw perfevents: enabled with ARMv7 Cortex-A9 PMU driver, 7 counters available
Jan  1 00:00:06 3dr_solo user.info kernel: pureg-dummy: no parameters
Jan  1 00:00:06 3dr_solo user.info kernel: Bus freq driver module loaded
Jan  1 00:00:06 3dr_solo user.notice kernel: VFS: Disk quotas dquot_6.5.2
Jan  1 00:00:06 3dr_solo user.warn kernel: Dquot-cache hash table entries: 1024 (order 0, 4096 bytes)
Jan  1 00:00:06 3dr_solo user.info kernel: squashfs: version 4.0 (2009/01/31) Phillip Lougher
Jan  1 00:00:06 3dr_solo user.info kernel: aufs 3.10-20141215
Jan  1 00:00:06 3dr_solo user.info kernel: msgmni has been set to 980
Jan  1 00:00:06 3dr_solo user.info kernel: io scheduler noop registered
Jan  1 00:00:06 3dr_solo user.info kernel: io scheduler deadline registered
Jan  1 00:00:06 3dr_solo user.info kernel: io scheduler cfq registered (default)
Jan  1 00:00:06 3dr_solo user.info kernel: imx-weim 21b8000.weim: WEIM driver registered.
Jan  1 00:00:06 3dr_solo user.warn kernel: imx-sdma 20ec000.sdma: no iram assigned, using external mem
Jan  1 00:00:06 3dr_solo user.info kernel: imx-sdma 20ec000.sdma: initialized
Jan  1 00:00:06 3dr_solo user.info kernel: imx-sdma 20ec000.sdma: loaded firmware 1.1
Jan  1 00:00:06 3dr_solo user.info kernel: Serial: IMX driver
Jan  1 00:00:06 3dr_solo user.info kernel: 21e8000.serial: ttymxc1 at MMIO 0x21e8000 (irq = 59) is a IMX
Jan  1 00:00:06 3dr_solo user.info kernel: 21ec000.serial: ttymxc2 at MMIO 0x21ec000 (irq = 60) is a IMX
Jan  1 00:00:06 3dr_solo user.info kernel: 21f0000.serial: ttymxc3 at MMIO 0x21f0000 (irq = 61) is a IMX
Jan  1 00:00:06 3dr_solo user.info kernel: console [ttymxc3] enabled
Jan  1 00:00:06 3dr_solo user.info kernel: 21f4000.serial: ttymxc4 at MMIO 0x21f4000 (irq = 62) is a IMX
Jan  1 00:00:06 3dr_solo user.info kernel: serial: Freescale lpuart driver
Jan  1 00:00:06 3dr_solo user.info kernel: [drm] Initialized drm 1.1.0 20060810
Jan  1 00:00:06 3dr_solo user.info kernel: brd: module loaded
Jan  1 00:00:06 3dr_solo user.info kernel: loop: module loaded
Jan  1 00:00:06 3dr_solo user.info kernel: ehci_hcd: USB 2.0 'Enhanced' Host Controller (EHCI) Driver
Jan  1 00:00:06 3dr_solo user.info kernel: ehci-pci: EHCI PCI platform driver
Jan  1 00:00:06 3dr_solo user.info kernel: ci_hdrc ci_hdrc.1: doesn't support gadget
Jan  1 00:00:06 3dr_solo user.info kernel: ci_hdrc ci_hdrc.1: EHCI Host Controller
Jan  1 00:00:06 3dr_solo user.info kernel: ci_hdrc ci_hdrc.1: new USB bus registered, assigned bus number 1
Jan  1 00:00:06 3dr_solo user.info kernel: ci_hdrc ci_hdrc.1: USB 2.0 started, EHCI 1.00
Jan  1 00:00:06 3dr_solo user.info kernel: hub 1-0:1.0: USB hub found
Jan  1 00:00:06 3dr_solo user.info kernel: hub 1-0:1.0: 1 port detected
Jan  1 00:00:06 3dr_solo user.info kernel: snvs_rtc 20cc034.snvs-rtc-lp: rtc core: registered 20cc034.snvs-rtc-lp as rtc0
Jan  1 00:00:06 3dr_solo user.info kernel: i2c /dev entries driver
Jan  1 00:00:06 3dr_solo user.info kernel: imx2-wdt 20bc000.wdog: IMX2+ Watchdog Timer enabled. timeout=60s (nowayout=0)
Jan  1 00:00:06 3dr_solo user.info kernel: cpuidle: using governor ladder
Jan  1 00:00:06 3dr_solo user.info kernel: cpuidle: using governor menu
Jan  1 00:00:06 3dr_solo user.info kernel: sdhci: Secure Digital Host Controller Interface driver
Jan  1 00:00:06 3dr_solo user.info kernel: sdhci: Copyright(c) Pierre Ossman
Jan  1 00:00:06 3dr_solo user.info kernel: sdhci-pltfm: SDHCI platform and OF driver helper
Jan  1 00:00:06 3dr_solo user.info kernel: mmc0: no vqmmc regulator found
Jan  1 00:00:06 3dr_solo user.info kernel: mmc0: no vmmc regulator found
Jan  1 00:00:06 3dr_solo user.info kernel: mmc0: SDHCI controller on 2198000.usdhc [2198000.usdhc] using ADMA
Jan  1 00:00:06 3dr_solo user.info kernel: mxc_vdoa 21e4000.vdoa: i.MX Video Data Order Adapter(VDOA) driver probed
Jan  1 00:00:06 3dr_solo user.info kernel: mxc_asrc 2034000.asrc: mxc_asrc registered
Jan  1 00:00:06 3dr_solo user.info kernel: mxc_vpu 2040000.vpu: VPU initialized
Jan  1 00:00:06 3dr_solo user.warn kernel: leds-gpio leds.16: pins are not configured from the driver
Jan  1 00:00:06 3dr_solo user.info kernel: ledtrig-cpu: registered to indicate activity on CPUs
Jan  1 00:00:06 3dr_solo user.info kernel: usbcore: registered new interface driver usbhid
Jan  1 00:00:06 3dr_solo user.info kernel: usbhid: USB HID core driver
Jan  1 00:00:06 3dr_solo user.info kernel: TCP: cubic registered
Jan  1 00:00:06 3dr_solo user.info kernel: NET: Registered protocol family 10
Jan  1 00:00:06 3dr_solo user.info kernel: sit: IPv6 over IPv4 tunneling driver
Jan  1 00:00:06 3dr_solo user.info kernel: NET: Registered protocol family 17
Jan  1 00:00:06 3dr_solo user.info kernel: 8021q: 802.1Q VLAN Support v1.8
Jan  1 00:00:06 3dr_solo user.notice kernel: Key type dns_resolver registered
Jan  1 00:00:06 3dr_solo user.info kernel: VFP support v0.3: implementor 41 architecture 3 part 30 variant 9 rev 4
Jan  1 00:00:06 3dr_solo user.info kernel: input: gpio-keys.22 as /devices/soc0/gpio-keys.22/input/input0
Jan  1 00:00:06 3dr_solo user.info kernel: snvs_rtc 20cc034.snvs-rtc-lp: setting system clock to 1970-01-01 00:00:00 UTC (0)
Jan  1 00:00:06 3dr_solo user.info kernel: ALSA device list:
Jan  1 00:00:06 3dr_solo user.info kernel:   No soundcards found.
Jan  1 00:00:06 3dr_solo user.info kernel: Freeing unused kernel memory: 9708K (80651000 - 80fcc000)
Jan  1 00:00:06 3dr_solo user.info kernel: mmc0: new high speed SDHC card at address aaaa
Jan  1 00:00:06 3dr_solo user.info kernel: mmcblk0: mmc0:aaaa SL08G 7.40 GiB 
Jan  1 00:00:06 3dr_solo user.info kernel:  mmcblk0: p1 p2 p3 p4
Jan  1 00:00:06 3dr_solo user.info kernel: kjournald starting.  Commit interval 5 seconds
Jan  1 00:00:06 3dr_solo user.info kernel: EXT3-fs (mmcblk0p4): using internal journal
Jan  1 00:00:06 3dr_solo user.info kernel: EXT3-fs (mmcblk0p4): mounted filesystem with ordered data mode
Jan  1 00:00:06 3dr_solo user.info kernel: kjournald starting.  Commit interval 5 seconds
Jan  1 00:00:06 3dr_solo user.info kernel: EXT3-fs (mmcblk0p3): using internal journal
Jan  1 00:00:06 3dr_solo user.info kernel: EXT3-fs (mmcblk0p3): mounted filesystem with ordered data mode
Jan  1 00:00:06 3dr_solo user.info kernel: g_acm_ms gadget: Mass Storage Function, version: 2009/09/11
Jan  1 00:00:06 3dr_solo user.info kernel: Loading modules backported from Linux version next-20150903-0-ga672f92
Jan  1 00:00:06 3dr_solo user.info kernel: Backport generated by backports.git backports-20150903-0-g7b34ea2
Jan  1 00:00:06 3dr_solo user.info kernel: g_acm_ms gadget: Number of LUNs=1
Jan  1 00:00:06 3dr_solo user.info kernel:  lun0: LUN: file: /dev/mmcblk0p4
Jan  1 00:00:06 3dr_solo user.info kernel: g_acm_ms gadget: Composite Gadget (ACM + MS), version: 2011/10/10
Jan  1 00:00:06 3dr_solo user.info kernel: g_acm_ms gadget: g_acm_ms ready
Jan  1 00:00:06 3dr_solo user.info kernel: cfg80211: World regulatory domain updated:
Jan  1 00:00:06 3dr_solo user.info kernel: cfg80211:  DFS Master region: unset
Jan  1 00:00:06 3dr_solo user.info kernel: cfg80211:   (start_freq - end_freq @ bandwidth), (max_antenna_gain, max_eirp), (dfs_cac_time)
Jan  1 00:00:06 3dr_solo user.info kernel: cfg80211:   (2402000 KHz - 2472000 KHz @ 40000 KHz), (N/A, 2000 mBm), (N/A)
Jan  1 00:00:06 3dr_solo user.info kernel: cfg80211:   (2457000 KHz - 2482000 KHz @ 40000 KHz), (N/A, 2000 mBm), (N/A)
Jan  1 00:00:06 3dr_solo user.info kernel: cfg80211:   (2474000 KHz - 2494000 KHz @ 20000 KHz), (N/A, 2000 mBm), (N/A)
Jan  1 00:00:06 3dr_solo user.info kernel: cfg80211:   (5170000 KHz - 5250000 KHz @ 160000 KHz), (N/A, 2000 mBm), (N/A)
Jan  1 00:00:06 3dr_solo user.info kernel: cfg80211:   (5250000 KHz - 5330000 KHz @ 160000 KHz), (N/A, 2000 mBm), (0 s)
Jan  1 00:00:06 3dr_solo user.info kernel: cfg80211:   (5490000 KHz - 5730000 KHz @ 160000 KHz), (N/A, 2000 mBm), (0 s)
Jan  1 00:00:06 3dr_solo user.info kernel: cfg80211:   (5735000 KHz - 5835000 KHz @ 80000 KHz), (N/A, 2000 mBm), (N/A)
Jan  1 00:00:06 3dr_solo user.info kernel: cfg80211:   (57240000 KHz - 63720000 KHz @ 2160000 KHz), (N/A, 0 mBm), (N/A)
Jan  1 00:00:06 3dr_solo user.warn kernel: PCI: enabling device 0000:01:00.0 (0140 -> 0142)
Jan  1 00:00:06 3dr_solo user.info kernel: EXT4-fs (mmcblk0p4): mounted filesystem with ordered data mode. Opts: (null)
Jan  1 00:00:06 3dr_solo user.debug kernel: ath: EEPROM regdomain: 0x0
Jan  1 00:00:06 3dr_solo user.debug kernel: ath: EEPROM indicates default country code should be used
Jan  1 00:00:06 3dr_solo user.debug kernel: ath: doing EEPROM country->regdmn map search
Jan  1 00:00:06 3dr_solo user.debug kernel: ath: country maps to regdmn code: 0x3a
Jan  1 00:00:06 3dr_solo user.debug kernel: ath: Country alpha2 being used: US
Jan  1 00:00:06 3dr_solo user.debug kernel: ath: Regpair used: 0x3a
Jan  1 00:00:06 3dr_solo user.debug kernel: ieee80211 phy0: Selected rate control algorithm 'minstrel_ht'
Jan  1 00:00:06 3dr_solo user.info kernel: cfg80211: Regulatory domain changed to country: US
Jan  1 00:00:06 3dr_solo user.info kernel: ieee80211 phy0: Atheros AR9300 Rev:3 mem=0xa0c00000, irq=155
Jan  1 00:00:06 3dr_solo user.info kernel: cfg80211:  DFS Master region: FCC
Jan  1 00:00:06 3dr_solo user.info kernel: cfg80211:   (start_freq - end_freq @ bandwidth), (max_antenna_gain, max_eirp), (dfs_cac_time)
Jan  1 00:00:06 3dr_solo user.info kernel: cfg80211:   (2402000 KHz - 2472000 KHz @ 40000 KHz), (N/A, 3000 mBm), (N/A)
Jan  1 00:00:06 3dr_solo user.info kernel: cfg80211:   (5170000 KHz - 5250000 KHz @ 80000 KHz), (N/A, 1700 mBm), (N/A)
Jan  1 00:00:06 3dr_solo user.info kernel: cfg80211:   (5250000 KHz - 5330000 KHz @ 80000 KHz), (N/A, 2300 mBm), (0 s)
Jan  1 00:00:06 3dr_solo user.info kernel: cfg80211:   (5735000 KHz - 5835000 KHz @ 80000 KHz), (N/A, 3000 mBm), (N/A)
Jan  1 00:00:06 3dr_solo user.info kernel: cfg80211:   (57240000 KHz - 63720000 KHz @ 2160000 KHz), (N/A, 4000 mBm), (N/A)
Jan  1 00:00:07 3dr_solo user.warn kernel: Checking SoloLink configuration... OK
Jan  1 00:00:08 3dr_solo user.info kernel: IPv6: ADDRCONF(NETDEV_UP): wlan0: link is not ready
Feb 26 10:04:02 3dr_solo user.notice  px4=
Feb 26 10:04:02 3dr_solo user.notice 
Feb 26 10:04:02 3dr_solo user.notice 
Feb 26 10:04:02 3dr_solo user.notice 
Feb 26 10:04:02 3dr_solo user.notice 
Feb 26 10:04:02 3dr_solo user.notice 
Feb 26 10:04:02 3dr_solo user.notice 
Feb 26 10:04:02 3dr_solo user.notice 
Feb 26 10:04:02 3dr_solo user.notice  nuttx=cb42c85
Feb 26 10:04:03 3dr_solo user.info kernel: usb 1-1: new full-speed USB device number 2 using ci_hdrc
Feb 26 10:04:03 3dr_solo user.err kernel: cdc_acm 1-1:1.0: This device cannot do calls on its own. It is not a modem.
Feb 26 10:04:03 3dr_solo user.info kernel: cdc_acm 1-1:1.0: ttyACM0: USB ACM device
Feb 26 10:04:03 3dr_solo user.info kernel: usbcore: registered new interface driver cdc_acm
Feb 26 10:04:03 3dr_solo user.info kernel: cdc_acm: USB Abstract Control Model driver for USB modems and ISDN adapters
Feb 26 10:04:09 3dr_solo user.info kernel: usb 1-1: USB disconnect, device number 2
Feb 26 10:04:09 3dr_solo user.warn kernel: Checking wlan0... OK
Feb 26 10:04:10 3dr_solo user.info kernel: wlan0: authenticate with 8a:dc:96:43:0b:ee
Feb 26 10:04:10 3dr_solo user.info kernel: wlan0: send auth to 8a:dc:96:43:0b:ee (try 1/3)
Feb 26 10:04:10 3dr_solo user.info kernel: wlan0: authenticated
Feb 26 10:04:10 3dr_solo user.info kernel: wlan0: associate with 8a:dc:96:43:0b:ee (try 1/3)
Feb 26 10:04:10 3dr_solo user.info kernel: wlan0: RX AssocResp from 8a:dc:96:43:0b:ee (capab=0x411 status=0 aid=1)
Feb 26 10:04:10 3dr_solo user.info kernel: IPv6: ADDRCONF(NETDEV_CHANGE): wlan0: link becomes ready
Feb 26 10:04:10 3dr_solo user.info kernel: wlan0: associated
Feb 26 10:04:10 3dr_solo user.info kernel: cfg80211: Regulatory domain changed to country: US
Feb 26 10:04:10 3dr_solo user.info kernel: cfg80211:  DFS Master region: FCC
Feb 26 10:04:10 3dr_solo user.info kernel: cfg80211:   (start_freq - end_freq @ bandwidth), (max_antenna_gain, max_eirp), (dfs_cac_time)
Feb 26 10:04:10 3dr_solo user.info kernel: cfg80211:   (2402000 KHz - 2472000 KHz @ 40000 KHz), (N/A, 3000 mBm), (N/A)
Feb 26 10:04:10 3dr_solo user.info kernel: cfg80211:   (5170000 KHz - 5250000 KHz @ 80000 KHz), (N/A, 1700 mBm), (N/A)
Feb 26 10:04:10 3dr_solo user.info kernel: cfg80211:   (5250000 KHz - 5330000 KHz @ 80000 KHz), (N/A, 2300 mBm), (0 s)
Feb 26 10:04:10 3dr_solo user.info kernel: cfg80211:   (5735000 KHz - 5835000 KHz @ 80000 KHz), (N/A, 3000 mBm), (N/A)
Feb 26 10:04:10 3dr_solo user.info kernel: cfg80211:   (57240000 KHz - 63720000 KHz @ 2160000 KHz), (N/A, 4000 mBm), (N/A)
Feb 26 10:04:11 3dr_solo user.debug kernel: imx-ipuv3 2400000.ipu: CSI_SENS_CONF = 0x00000900
Feb 26 10:04:11 3dr_solo user.debug kernel: imx-ipuv3 2400000.ipu: CSI_ACT_FRM_SIZE = 0x01DF027F
Feb 26 10:04:12 3dr_solo user.debug kernel: imx-ipuv3 2400000.ipu: CSI_SENS_CONF = 0x00000900
Feb 26 10:04:12 3dr_solo user.debug kernel: imx-ipuv3 2400000.ipu: CSI_ACT_FRM_SIZE = 0x01DF027F
Feb 26 10:04:12 3dr_solo user.debug kernel: imx-ipuv3 2400000.ipu: CSI_SENS_CONF = 0x00000950
Feb 26 10:04:12 3dr_solo user.debug kernel: imx-ipuv3 2400000.ipu: CSI_ACT_FRM_SIZE = 0x01DF027F
Feb 26 10:04:12 3dr_solo user.debug kernel: imx-ipuv3 2400000.ipu: CSI stop timeout - -44 * 10ms
Feb 26 10:04:12 3dr_solo user.debug kernel: imx-ipuv3 2400000.ipu: CSI_SENS_CONF = 0x00000950
Feb 26 10:04:12 3dr_solo user.debug kernel: imx-ipuv3 2400000.ipu: CSI_ACT_FRM_SIZE = 0x01DF027F
Feb 26 10:04:13 3dr_solo user.err kernel: imx-uart 21e8000.serial: Rx FIFO overrun
Feb 26 10:04:19 3dr_solo user.err kernel: imx-uart 21e8000.serial: Rx FIFO overrun
Feb 27 04:13:16 3dr_solo user.err kernel: imx-uart 21e8000.serial: Rx FIFO overrun
Feb 27 04:13:32 3dr_solo user.err kernel: imx-uart 21e8000.serial: Rx FIFO overrun
Feb 27 04:13:43 3dr_solo user.err kernel: imx-uart 21e8000.serial: Rx FIFO overrun
Feb 27 04:13:54 3dr_solo user.err kernel: imx-uart 21e8000.serial: Rx FIFO overrun
Feb 27 04:15:27 3dr_solo user.err kernel: imx-uart 21e8000.serial: Rx FIFO overrun
Feb 27 04:15:43 3dr_solo user.err kernel: imx-uart 21e8000.serial: Rx FIFO overrun
Feb 27 04:15:54 3dr_solo user.err kernel: imx-uart 21e8000.serial: Rx FIFO overrun
Feb 27 04:16:01 3dr_solo user.err kernel: imx-uart 21e8000.serial: Rx FIFO overrun
Feb 27 04:16:05 3dr_solo user.err kernel: imx-uart 21e8000.serial: Rx FIFO overrun
Feb 27 04:16:12 3dr_solo user.info kernel: wlan0: deauthenticated from 8a:dc:96:43:0b:ee (Reason: 3=DEAUTH_LEAVING)
Feb 27 04:16:12 3dr_solo user.info kernel: cfg80211: World regulatory domain updated:
Feb 27 04:16:12 3dr_solo user.info kernel: cfg80211:  DFS Master region: unset
Feb 27 04:16:12 3dr_solo user.info kernel: cfg80211:   (start_freq - end_freq @ bandwidth), (max_antenna_gain, max_eirp), (dfs_cac_time)
Feb 27 04:16:12 3dr_solo user.err kernel: imx-uart 21e8000.serial: Rx FIFO overrun
Feb 27 04:16:12 3dr_solo user.err kernel: imx-uart 21e8000.serial: Rx FIFO overrun
Feb 27 04:16:12 3dr_solo user.info kernel: cfg80211:   (2402000 KHz - 2472000 KHz @ 40000 KHz), (N/A, 2000 mBm), (N/A)
Feb 27 04:16:12 3dr_solo user.info kernel: cfg80211:   (2457000 KHz - 2482000 KHz @ 40000 KHz), (N/A, 2000 mBm), (N/A)
Feb 27 04:16:12 3dr_solo user.info kernel: cfg80211:   (2474000 KHz - 2494000 KHz @ 20000 KHz), (N/A, 2000 mBm), (N/A)
Feb 27 04:16:12 3dr_solo user.info kernel: cfg80211:   (5170000 KHz - 5250000 KHz @ 160000 KHz), (N/A, 2000 mBm), (N/A)
Feb 27 04:16:12 3dr_solo user.info kernel: cfg80211:   (5250000 KHz - 5330000 KHz @ 160000 KHz), (N/A, 2000 mBm), (0 s)
Feb 27 04:16:12 3dr_solo user.info kernel: cfg80211:   (5490000 KHz - 5730000 KHz @ 160000 KHz), (N/A, 2000 mBm), (0 s)
Feb 27 04:16:12 3dr_solo user.info kernel: cfg80211:   (5735000 KHz - 5835000 KHz @ 80000 KHz), (N/A, 2000 mBm), (N/A)
Feb 27 04:16:12 3dr_solo user.info kernel: cfg80211:   (57240000 KHz - 63720000 KHz @ 2160000 KHz), (N/A, 0 mBm), (N/A)
Feb 27 04:16:21 3dr_solo user.err kernel: imx-uart 21e8000.serial: Rx FIFO overrun
Feb 27 04:16:32 3dr_solo user.err kernel: imx-uart 21e8000.serial: Rx FIFO overrun
Feb 27 04:16:41 3dr_solo user.info kernel: wlan0: authenticate with 8a:dc:96:43:0b:ee
Feb 27 04:16:41 3dr_solo user.err kernel: imx-uart 21e8000.serial: Rx FIFO overrun
Feb 27 04:16:41 3dr_solo user.info kernel: wlan0: send auth to 8a:dc:96:43:0b:ee (try 1/3)
Feb 27 04:16:41 3dr_solo user.info kernel: wlan0: authenticated
Feb 27 04:16:41 3dr_solo user.info kernel: wlan0: associate with 8a:dc:96:43:0b:ee (try 1/3)
Feb 27 04:16:41 3dr_solo user.info kernel: wlan0: RX AssocResp from 8a:dc:96:43:0b:ee (capab=0x411 status=0 aid=1)
Feb 27 04:16:41 3dr_solo user.info kernel: IPv6: ADDRCONF(NETDEV_CHANGE): wlan0: link becomes ready
Feb 27 04:16:41 3dr_solo user.info kernel: wlan0: associated
Feb 27 04:16:41 3dr_solo user.info kernel: cfg80211: Regulatory domain changed to country: US
Feb 27 04:16:41 3dr_solo user.info kernel: cfg80211:  DFS Master region: FCC
Feb 27 04:16:41 3dr_solo user.info kernel: cfg80211:   (start_freq - end_freq @ bandwidth), (max_antenna_gain, max_eirp), (dfs_cac_time)
Feb 27 04:16:41 3dr_solo user.err kernel: imx-uart 21e8000.serial: Rx FIFO overrun
Feb 27 04:16:41 3dr_solo user.info kernel: cfg80211:   (2402000 KHz - 2472000 KHz @ 40000 KHz), (N/A, 3000 mBm), (N/A)
Feb 27 04:16:41 3dr_solo user.info kernel: cfg80211:   (5170000 KHz - 5250000 KHz @ 80000 KHz), (N/A, 1700 mBm), (N/A)
Feb 27 04:16:41 3dr_solo user.info kernel: cfg80211:   (5250000 KHz - 5330000 KHz @ 80000 KHz), (N/A, 2300 mBm), (0 s)
Feb 27 04:16:41 3dr_solo user.info kernel: cfg80211:   (5735000 KHz - 5835000 KHz @ 80000 KHz), (N/A, 3000 mBm), (N/A)
Feb 27 04:16:41 3dr_solo user.info kernel: cfg80211:   (57240000 KHz - 63720000 KHz @ 2160000 KHz), (N/A, 4000 mBm), (N/A)
Feb 27 04:16:43 3dr_solo user.err kernel: imx-uart 21e8000.serial: Rx FIFO overrun
Feb 27 04:16:54 3dr_solo user.err kernel: imx-uart 21e8000.serial: Rx FIFO overrun
Feb 27 04:16:56 3dr_solo user.err kernel: imx-uart 21e8000.serial: Rx FIFO overrun
Feb 27 04:17:05 3dr_solo user.err kernel: imx-uart 21e8000.serial: Rx FIFO overrun
Feb 27 04:17:43 3dr_solo user.err kernel: imx-uart 21e8000.serial: Rx FIFO overrun
Feb 27 04:17:46 3dr_solo user.err kernel: imx-uart 21e8000.serial: Rx FIFO overrun
Feb 27 04:17:46 3dr_solo user.err kernel: imx-uart 21e8000.serial: Rx FIFO overrun
Feb 27 04:17:51 3dr_solo user.err kernel: imx-uart 21e8000.serial: Rx FIFO overrun
Feb 27 04:17:51 3dr_solo user.err kernel: imx-uart 21e8000.serial: Rx FIFO overrun
Feb 27 04:18:01 3dr_solo user.err kernel: imx-uart 21e8000.serial: Rx FIFO overrun
Feb 27 04:18:17 3dr_solo user.info kernel: wlan0: deauthenticated from 8a:dc:96:43:0b:ee (Reason: 3=DEAUTH_LEAVING)
Feb 27 04:18:17 3dr_solo user.info kernel: cfg80211: World regulatory domain updated:
Feb 27 04:18:17 3dr_solo user.info kernel: cfg80211:  DFS Master region: unset
Feb 27 04:18:17 3dr_solo user.info kernel: cfg80211:   (start_freq - end_freq @ bandwidth), (max_antenna_gain, max_eirp), (dfs_cac_time)
Feb 27 04:18:17 3dr_solo user.info kernel: cfg80211:   (2402000 KHz - 2472000 KHz @ 40000 KHz), (N/A, 2000 mBm), (N/A)
Feb 27 04:18:17 3dr_solo user.info kernel: cfg80211:   (2457000 KHz - 2482000 KHz @ 40000 KHz), (N/A, 2000 mBm), (N/A)
Feb 27 04:18:17 3dr_solo user.info kernel: cfg80211:   (2474000 KHz - 2494000 KHz @ 20000 KHz), (N/A, 2000 mBm), (N/A)
Feb 27 04:18:17 3dr_solo user.info kernel: cfg80211:   (5170000 KHz - 5250000 KHz @ 160000 KHz), (N/A, 2000 mBm), (N/A)
Feb 27 04:18:17 3dr_solo user.err kernel: imx-uart 21e8000.serial: Rx FIFO overrun
Feb 27 04:18:17 3dr_solo user.info kernel: cfg80211:   (5250000 KHz - 5330000 KHz @ 160000 KHz), (N/A, 2000 mBm), (0 s)
Feb 27 04:18:17 3dr_solo user.info kernel: cfg80211:   (5490000 KHz - 5730000 KHz @ 160000 KHz), (N/A, 2000 mBm), (0 s)
Feb 27 04:18:17 3dr_solo user.info kernel: cfg80211:   (5735000 KHz - 5835000 KHz @ 80000 KHz), (N/A, 2000 mBm), (N/A)
Feb 27 04:18:17 3dr_solo user.info kernel: cfg80211:   (57240000 KHz - 63720000 KHz @ 2160000 KHz), (N/A, 0 mBm), (N/A)
Feb 27 04:18:29 3dr_solo user.info kernel: wlan0: authenticate with 8a:dc:96:43:0b:ee
Feb 27 04:18:29 3dr_solo user.info kernel: wlan0: send auth to 8a:dc:96:43:0b:ee (try 1/3)
Feb 27 04:18:29 3dr_solo user.info kernel: wlan0: authenticated
Feb 27 04:18:29 3dr_solo user.info kernel: wlan0: associate with 8a:dc:96:43:0b:ee (try 1/3)
Feb 27 04:18:29 3dr_solo user.info kernel: wlan0: RX AssocResp from 8a:dc:96:43:0b:ee (capab=0x411 status=0 aid=1)
Feb 27 04:18:29 3dr_solo user.info kernel: IPv6: ADDRCONF(NETDEV_CHANGE): wlan0: link becomes ready
Feb 27 04:18:29 3dr_solo user.info kernel: wlan0: associated
Feb 27 04:18:29 3dr_solo user.info kernel: cfg80211: Regulatory domain changed to country: US
Feb 27 04:18:29 3dr_solo user.info kernel: cfg80211:  DFS Master region: FCC
Feb 27 04:18:29 3dr_solo user.info kernel: cfg80211:   (start_freq - end_freq @ bandwidth), (max_antenna_gain, max_eirp), (dfs_cac_time)
Feb 27 04:18:29 3dr_solo user.info kernel: cfg80211:   (2402000 KHz - 2472000 KHz @ 40000 KHz), (N/A, 3000 mBm), (N/A)
Feb 27 04:18:29 3dr_solo user.info kernel: cfg80211:   (5170000 KHz - 5250000 KHz @ 80000 KHz), (N/A, 1700 mBm), (N/A)
Feb 27 04:18:29 3dr_solo user.info kernel: cfg80211:   (5250000 KHz - 5330000 KHz @ 80000 KHz), (N/A, 2300 mBm), (0 s)
Feb 27 04:18:29 3dr_solo user.info kernel: cfg80211:   (5735000 KHz - 5835000 KHz @ 80000 KHz), (N/A, 3000 mBm), (N/A)
Feb 27 04:18:29 3dr_solo user.info kernel: cfg80211:   (57240000 KHz - 63720000 KHz @ 2160000 KHz), (N/A, 4000 mBm), (N/A)
Feb 27 04:18:29 3dr_solo user.err kernel: imx-uart 21e8000.serial: Rx FIFO overrun
Feb 27 04:18:36 3dr_solo user.err kernel: imx-uart 21e8000.serial: Rx FIFO overrun
Feb 27 04:19:15 3dr_solo user.err kernel: imx-uart 21e8000.serial: Rx FIFO overrun
Feb 27 04:19:26 3dr_solo user.err kernel: imx-uart 21e8000.serial: Rx FIFO overrun
Feb 27 04:19:26 3dr_solo user.err kernel: imx-uart 21e8000.serial: Rx FIFO overrun
Feb 27 04:19:43 3dr_solo user.err kernel: imx-uart 21e8000.serial: Rx FIFO overrun
Feb 27 04:19:59 3dr_solo user.err kernel: imx-uart 21e8000.serial: Rx FIFO overrun
Feb 27 04:19:59 3dr_solo user.err kernel: imx-uart 21e8000.serial: Rx FIFO overrun
Feb 27 04:20:04 3dr_solo user.err kernel: imx-uart 21e8000.serial: Rx FIFO overrun
Feb 27 04:20:05 3dr_solo user.err kernel: imx-uart 21e8000.serial: Rx FIFO overrun
Feb 27 04:20:21 3dr_solo user.err kernel: imx-uart 21e8000.serial: Rx FIFO overrun
Feb 27 04:20:27 3dr_solo user.err kernel: imx-uart 21e8000.serial: Rx FIFO overrun
Feb 27 04:20:43 3dr_solo user.err kernel: imx-uart 21e8000.serial: Rx FIFO overrun
Feb 27 04:20:54 3dr_solo user.err kernel: imx-uart 21e8000.serial: Rx FIFO overrun
Feb 27 04:21:05 3dr_solo user.err kernel: imx-uart 21e8000.serial: Rx FIFO overrun
Feb 27 04:21:16 3dr_solo user.err kernel: imx-uart 21e8000.serial: Rx FIFO overrun
Feb 27 04:21:27 3dr_solo user.err kernel: imx-uart 21e8000.serial: Rx FIFO overrun
Feb 27 04:21:27 3dr_solo user.err kernel: imx-uart 21e8000.serial: Rx FIFO overrun
Feb 27 04:21:49 3dr_solo user.err kernel: imx-uart 21e8000.serial: Rx FIFO overrun
Feb 27 04:22:22 3dr_solo user.err kernel: imx-uart 21e8000.serial: Rx FIFO overrun
Feb 27 04:22:59 3dr_solo user.err kernel: imx-uart 21e8000.serial: Rx FIFO overrun
Feb 27 04:22:59 3dr_solo user.err kernel: imx-uart 21e8000.serial: Rx FIFO overrun
Feb 27 04:23:22 3dr_solo user.err kernel: imx-uart 21e8000.serial: Rx FIFO overrun
Feb 27 04:23:39 3dr_solo user.err kernel: imx-uart 21e8000.serial: Rx FIFO overrun
Feb 27 04:23:50 3dr_solo user.err kernel: imx-uart 21e8000.serial: Rx FIFO overrun
Feb 27 04:24:01 3dr_solo user.err kernel: imx-uart 21e8000.serial: Rx FIFO overrun
Feb 27 04:24:01 3dr_solo user.err kernel: imx-uart 21e8000.serial: Rx FIFO overrun
Feb 27 04:24:12 3dr_solo user.err kernel: imx-uart 21e8000.serial: Rx FIFO overrun
Feb 27 04:24:12 3dr_solo user.err kernel: imx-uart 21e8000.serial: Rx FIFO overrun
Feb 27 04:24:23 3dr_solo user.err kernel: imx-uart 21e8000.serial: Rx FIFO overrun
Feb 27 04:24:34 3dr_solo user.err kernel: imx-uart 21e8000.serial: Rx FIFO overrun
Feb 27 04:24:37 3dr_solo user.info kernel: wlan0: deauthenticated from 8a:dc:96:43:0b:ee (Reason: 3=DEAUTH_LEAVING)
Feb 27 04:24:37 3dr_solo user.info kernel: cfg80211: World regulatory domain updated:
Feb 27 04:24:37 3dr_solo user.err kernel: imx-uart 21e8000.serial: Rx FIFO overrun
Feb 27 04:24:37 3dr_solo user.info kernel: cfg80211:  DFS Master region: unset
Feb 27 04:24:37 3dr_solo user.info kernel: cfg80211:   (start_freq - end_freq @ bandwidth), (max_antenna_gain, max_eirp), (dfs_cac_time)
Feb 27 04:24:37 3dr_solo user.info kernel: cfg80211:   (2402000 KHz - 2472000 KHz @ 40000 KHz), (N/A, 2000 mBm), (N/A)
Feb 27 04:24:37 3dr_solo user.info kernel: cfg80211:   (2457000 KHz - 2482000 KHz @ 40000 KHz), (N/A, 2000 mBm), (N/A)
Feb 27 04:24:37 3dr_solo user.info kernel: cfg80211:   (2474000 KHz - 2494000 KHz @ 20000 KHz), (N/A, 2000 mBm), (N/A)
Feb 27 04:24:37 3dr_solo user.info kernel: cfg80211:   (5170000 KHz - 5250000 KHz @ 160000 KHz), (N/A, 2000 mBm), (N/A)
Feb 27 04:24:37 3dr_solo user.err kernel: imx-uart 21e8000.serial: Rx FIFO overrun
Feb 27 04:24:37 3dr_solo user.info kernel: cfg80211:   (5250000 KHz - 5330000 KHz @ 160000 KHz), (N/A, 2000 mBm), (0 s)
Feb 27 04:24:37 3dr_solo user.info kernel: cfg80211:   (5490000 KHz - 5730000 KHz @ 160000 KHz), (N/A, 2000 mBm), (0 s)
Feb 27 04:24:37 3dr_solo user.info kernel: cfg80211:   (5735000 KHz - 5835000 KHz @ 80000 KHz), (N/A, 2000 mBm), (N/A)
Feb 27 04:24:37 3dr_solo user.info kernel: cfg80211:   (57240000 KHz - 63720000 KHz @ 2160000 KHz), (N/A, 0 mBm), (N/A)
Feb 27 04:24:43 3dr_solo user.err kernel: imx-uart 21e8000.serial: Rx FIFO overrun
Feb 27 04:24:45 3dr_solo user.err kernel: imx-uart 21e8000.serial: Rx FIFO overrun
Feb 27 04:24:53 3dr_solo user.err kernel: imx-uart 21e8000.serial: Rx FIFO overrun
Feb 27 04:24:56 3dr_solo user.err kernel: imx-uart 21e8000.serial: Rx FIFO overrun
Feb 27 04:25:07 3dr_solo user.err kernel: imx-uart 21e8000.serial: Rx FIFO overrun
Feb 27 04:25:18 3dr_solo user.err kernel: imx-uart 21e8000.serial: Rx FIFO overrun
Feb 27 04:25:23 3dr_solo user.info kernel: wlan0: authenticate with 8a:dc:96:43:0b:ee
Feb 27 04:25:23 3dr_solo user.info kernel: wlan0: send auth to 8a:dc:96:43:0b:ee (try 1/3)
Feb 27 04:25:23 3dr_solo user.err kernel: imx-uart 21e8000.serial: Rx FIFO overrun
Feb 27 04:25:23 3dr_solo user.info kernel: wlan0: authenticated
Feb 27 04:25:23 3dr_solo user.info kernel: wlan0: associate with 8a:dc:96:43:0b:ee (try 1/3)
Feb 27 04:25:23 3dr_solo user.err kernel: imx-uart 21e8000.serial: Rx FIFO overrun
Feb 27 04:25:23 3dr_solo user.info kernel: wlan0: RX AssocResp from 8a:dc:96:43:0b:ee (capab=0x411 status=0 aid=1)
Feb 27 04:25:23 3dr_solo user.info kernel: IPv6: ADDRCONF(NETDEV_CHANGE): wlan0: link becomes ready
Feb 27 04:25:23 3dr_solo user.info kernel: wlan0: associated
Feb 27 04:25:23 3dr_solo user.info kernel: cfg80211: Regulatory domain changed to country: US
Feb 27 04:25:23 3dr_solo user.info kernel: cfg80211:  DFS Master region: FCC
Feb 27 04:25:23 3dr_solo user.info kernel: cfg80211:   (start_freq - end_freq @ bandwidth), (max_antenna_gain, max_eirp), (dfs_cac_time)
Feb 27 04:25:23 3dr_solo user.info kernel: cfg80211:   (2402000 KHz - 2472000 KHz @ 40000 KHz), (N/A, 3000 mBm), (N/A)
Feb 27 04:25:23 3dr_solo user.info kernel: cfg80211:   (5170000 KHz - 5250000 KHz @ 80000 KHz), (N/A, 1700 mBm), (N/A)
Feb 27 04:25:23 3dr_solo user.info kernel: cfg80211:   (5250000 KHz - 5330000 KHz @ 80000 KHz), (N/A, 2300 mBm), (0 s)
Feb 27 04:25:23 3dr_solo user.info kernel: cfg80211:   (5735000 KHz - 5835000 KHz @ 80000 KHz), (N/A, 3000 mBm), (N/A)
Feb 27 04:25:23 3dr_solo user.err kernel: imx-uart 21e8000.serial: Rx FIFO overrun
Feb 27 04:25:23 3dr_solo user.info kernel: cfg80211:   (57240000 KHz - 63720000 KHz @ 2160000 KHz), (N/A, 4000 mBm), (N/A)
Feb 27 04:25:59 3dr_solo user.err kernel: imx-uart 21e8000.serial: Rx FIFO overrun
Feb 27 04:26:08 3dr_solo user.debug kernel: imx-ipuv3 2400000.ipu: CSI stop timeout - -44 * 10ms
Feb 27 04:26:08 3dr_solo user.debug kernel: imx-ipuv3 2400000.ipu: CSI_SENS_CONF = 0x00000950
Feb 27 04:26:08 3dr_solo user.debug kernel: imx-ipuv3 2400000.ipu: CSI_ACT_FRM_SIZE = 0x01DF027F
Feb 27 04:26:08 3dr_solo user.debug kernel: imx-ipuv3 2400000.ipu: CSI stop timeout - -44 * 10ms
Feb 27 04:26:08 3dr_solo user.debug kernel: imx-ipuv3 2400000.ipu: CSI_SENS_CONF = 0x00000950
Feb 27 04:26:08 3dr_solo user.debug kernel: imx-ipuv3 2400000.ipu: CSI_ACT_FRM_SIZE = 0x01DF027F
Feb 27 04:26:08 3dr_solo user.debug kernel: imx-ipuv3 2400000.ipu: CSI stop timeout - -44 * 10ms
Feb 27 04:26:08 3dr_solo user.debug kernel: imx-ipuv3 2400000.ipu: CSI_SENS_CONF = 0x00000950
Feb 27 04:26:08 3dr_solo user.debug kernel: imx-ipuv3 2400000.ipu: CSI_ACT_FRM_SIZE = 0x01DF027F
Feb 27 04:26:09 3dr_solo user.debug kernel: imx-ipuv3 2400000.ipu: CSI stop timeout - -44 * 10ms
Feb 27 04:26:09 3dr_solo user.debug kernel: imx-ipuv3 2400000.ipu: CSI_SENS_CONF = 0x00000950
Feb 27 04:26:09 3dr_solo user.debug kernel: imx-ipuv3 2400000.ipu: CSI_ACT_FRM_SIZE = 0x01DF027F
Feb 27 04:26:09 3dr_solo user.debug kernel: imx-ipuv3 2400000.ipu: CSI stop timeout - -43 * 10ms
Feb 27 04:26:09 3dr_solo user.debug kernel: imx-ipuv3 2400000.ipu: CSI_SENS_CONF = 0x00000950
Feb 27 04:26:09 3dr_solo user.debug kernel: imx-ipuv3 2400000.ipu: CSI_ACT_FRM_SIZE = 0x01DF027F
Feb 27 04:26:09 3dr_solo user.debug kernel: imx-ipuv3 2400000.ipu: CSI stop timeout - -44 * 10ms
Feb 27 04:26:09 3dr_solo user.debug kernel: imx-ipuv3 2400000.ipu: CSI_SENS_CONF = 0x00000950
Feb 27 04:26:09 3dr_solo user.debug kernel: imx-ipuv3 2400000.ipu: CSI_ACT_FRM_SIZE = 0x01DF027F
Feb 27 04:26:09 3dr_solo user.info kernel: cfg80211: World regulatory domain updated:
Feb 27 04:26:09 3dr_solo user.info kernel: cfg80211:  DFS Master region: unset
Feb 27 04:26:09 3dr_solo user.info kernel: cfg80211:   (start_freq - end_freq @ bandwidth), (max_antenna_gain, max_eirp), (dfs_cac_time)
Feb 27 04:26:09 3dr_solo user.info kernel: cfg80211:   (2402000 KHz - 2472000 KHz @ 40000 KHz), (N/A, 2000 mBm), (N/A)
Feb 27 04:26:09 3dr_solo user.err kernel: imx-uart 21e8000.serial: Rx FIFO overrun
Feb 27 04:26:09 3dr_solo user.info kernel: cfg80211:   (2457000 KHz - 2482000 KHz @ 40000 KHz), (N/A, 2000 mBm), (N/A)
Feb 27 04:26:09 3dr_solo user.info kernel: cfg80211:   (2474000 KHz - 2494000 KHz @ 20000 KHz), (N/A, 2000 mBm), (N/A)
Feb 27 04:26:09 3dr_solo user.info kernel: cfg80211:   (5170000 KHz - 5250000 KHz @ 160000 KHz), (N/A, 2000 mBm), (N/A)
Feb 27 04:26:09 3dr_solo user.info kernel: cfg80211:   (5250000 KHz - 5330000 KHz @ 160000 KHz), (N/A, 2000 mBm), (0 s)
Feb 27 04:26:09 3dr_solo user.info kernel: cfg80211:   (5490000 KHz - 5730000 KHz @ 160000 KHz), (N/A, 2000 mBm), (0 s)
Feb 27 04:26:09 3dr_solo user.info kernel: cfg80211:   (5735000 KHz - 5835000 KHz @ 80000 KHz), (N/A, 2000 mBm), (N/A)
Feb 27 04:26:09 3dr_solo user.info kernel: cfg80211:   (57240000 KHz - 63720000 KHz @ 2160000 KHz), (N/A, 0 mBm), (N/A)
Feb 27 04:26:12 3dr_solo user.debug kernel: imx-ipuv3 2400000.ipu: CSI stop timeout - -44 * 10ms
Feb 27 04:26:12 3dr_solo user.err kernel: imx-uart 21e8000.serial: Rx FIFO overrun
Feb 27 04:26:12 3dr_solo user.debug kernel: imx-ipuv3 2400000.ipu: CSI_SENS_CONF = 0x00000950
Feb 27 04:26:12 3dr_solo user.debug kernel: imx-ipuv3 2400000.ipu: CSI_ACT_FRM_SIZE = 0x01DF027F
Feb 27 04:26:15 3dr_solo user.debug kernel: imx-ipuv3 2400000.ipu: CSI stop timeout - -44 * 10ms
Feb 27 04:26:15 3dr_solo user.debug kernel: imx-ipuv3 2400000.ipu: CSI_SENS_CONF = 0x00000950
Feb 27 04:26:15 3dr_solo user.debug kernel: imx-ipuv3 2400000.ipu: CSI_ACT_FRM_SIZE = 0x01DF027F
Feb 27 04:26:18 3dr_solo user.debug kernel: imx-ipuv3 2400000.ipu: CSI stop timeout - -44 * 10ms
Feb 27 04:26:18 3dr_solo user.debug kernel: imx-ipuv3 2400000.ipu: CSI_SENS_CONF = 0x00000950
Feb 27 04:26:18 3dr_solo user.debug kernel: imx-ipuv3 2400000.ipu: CSI_ACT_FRM_SIZE = 0x01DF027F
Feb 27 04:26:21 3dr_solo user.info kernel: wlan0: authenticate with 8a:dc:96:43:0b:ee
Feb 27 04:26:21 3dr_solo user.info kernel: wlan0: send auth to 8a:dc:96:43:0b:ee (try 1/3)
Feb 27 04:26:21 3dr_solo user.err kernel: imx-uart 21e8000.serial: Rx FIFO overrun
Feb 27 04:26:21 3dr_solo user.info kernel: wlan0: authenticated
Feb 27 04:26:21 3dr_solo user.info kernel: wlan0: associate with 8a:dc:96:43:0b:ee (try 1/3)
Feb 27 04:26:21 3dr_solo user.info kernel: wlan0: RX AssocResp from 8a:dc:96:43:0b:ee (capab=0x411 status=0 aid=2)
Feb 27 04:26:22 3dr_solo user.info kernel: wlan0: associated
Feb 27 04:26:22 3dr_solo user.info kernel: cfg80211: Regulatory domain changed to country: US
Feb 27 04:26:22 3dr_solo user.info kernel: cfg80211:  DFS Master region: FCC
Feb 27 04:26:22 3dr_solo user.info kernel: cfg80211:   (start_freq - end_freq @ bandwidth), (max_antenna_gain, max_eirp), (dfs_cac_time)
Feb 27 04:26:22 3dr_solo user.info kernel: cfg80211:   (2402000 KHz - 2472000 KHz @ 40000 KHz), (N/A, 3000 mBm), (N/A)
Feb 27 04:26:22 3dr_solo user.info kernel: cfg80211:   (5170000 KHz - 5250000 KHz @ 80000 KHz), (N/A, 1700 mBm), (N/A)
Feb 27 04:26:22 3dr_solo user.err kernel: imx-uart 21e8000.serial: Rx FIFO overrun
Feb 27 04:26:22 3dr_solo user.info kernel: cfg80211:   (5250000 KHz - 5330000 KHz @ 80000 KHz), (N/A, 2300 mBm), (0 s)
Feb 27 04:26:22 3dr_solo user.err kernel: imx-uart 21e8000.serial: Rx FIFO overrun
Feb 27 04:26:22 3dr_solo user.info kernel: cfg80211:   (5735000 KHz - 5835000 KHz @ 80000 KHz), (N/A, 3000 mBm), (N/A)
Feb 27 04:26:22 3dr_solo user.err kernel: imx-uart 21e8000.serial: Rx FIFO overrun
Feb 27 04:26:22 3dr_solo user.info kernel: cfg80211:   (57240000 KHz - 63720000 KHz @ 2160000 KHz), (N/A, 4000 mBm), (N/A)
Feb 27 04:26:23 3dr_solo user.err kernel: imx-uart 21e8000.serial: Rx FIFO overrun
Feb 27 04:26:33 3dr_solo user.err kernel: imx-uart 21e8000.serial: Rx FIFO overrun
Feb 27 04:27:08 3dr_solo user.err kernel: imx-uart 21e8000.serial: Rx FIFO overrun
Feb 27 04:27:19 3dr_solo user.err kernel: imx-uart 21e8000.serial: Rx FIFO overrun
Feb 27 04:27:30 3dr_solo user.err kernel: imx-uart 21e8000.serial: Rx FIFO overrun
Feb 27 04:27:41 3dr_solo user.err kernel: imx-uart 21e8000.serial: Rx FIFO overrun
Feb 27 04:27:47 3dr_solo user.err kernel: imx-uart 21e8000.serial: Rx FIFO overrun
Feb 27 04:27:58 3dr_solo user.err kernel: imx-uart 21e8000.serial: Rx FIFO overrun
Feb 27 04:28:09 3dr_solo user.err kernel: imx-uart 21e8000.serial: Rx FIFO overrun
Feb 27 04:28:38 3dr_solo user.err kernel: imx-uart 21e8000.serial: Rx FIFO overrun
Feb 27 04:28:48 3dr_solo user.err kernel: imx-uart 21e8000.serial: Rx FIFO overrun
Feb 27 04:28:59 3dr_solo user.err kernel: imx-uart 21e8000.serial: Rx FIFO overrun
Feb 27 04:29:10 3dr_solo user.err kernel: imx-uart 21e8000.serial: Rx FIFO overrun
Feb 27 04:29:17 3dr_solo user.err kernel: imx-uart 21e8000.serial: Rx FIFO overrun
Feb 27 04:29:21 3dr_solo user.err kernel: imx-uart 21e8000.serial: Rx FIFO overrun
Feb 27 04:29:23 3dr_solo user.err kernel: imx-uart 21e8000.serial: Rx FIFO overrun
Feb 27 04:29:32 3dr_solo user.err kernel: imx-uart 21e8000.serial: Rx FIFO overrun
Feb 27 04:30:37 3dr_solo user.err kernel: imx-uart 21e8000.serial: Rx FIFO overrun
Feb 27 04:30:59 3dr_solo user.err kernel: imx-uart 21e8000.serial: Rx FIFO overrun
Feb 27 04:31:10 3dr_solo user.err kernel: imx-uart 21e8000.serial: Rx FIFO overrun
Feb 27 04:31:21 3dr_solo user.err kernel: imx-uart 21e8000.serial: Rx FIFO overrun
Feb 27 04:31:32 3dr_solo user.err kernel: imx-uart 21e8000.serial: Rx FIFO overrun
Feb 27 04:31:43 3dr_solo user.err kernel: imx-uart 21e8000.serial: Rx FIFO overrun
Feb 27 04:31:49 3dr_solo user.err kernel: imx-uart 21e8000.serial: Rx FIFO overrun
Feb 27 04:32:00 3dr_solo user.err kernel: imx-uart 21e8000.serial: Rx FIFO overrun
Feb 27 04:32:17 3dr_solo user.err kernel: imx-uart 21e8000.serial: Rx FIFO overrun
Feb 27 04:32:28 3dr_solo user.err kernel: imx-uart 21e8000.serial: Rx FIFO overrun
Feb 27 04:32:39 3dr_solo user.err kernel: imx-uart 21e8000.serial: Rx FIFO overrun
Feb 27 04:32:45 3dr_solo user.err kernel: imx-uart 21e8000.serial: Rx FIFO overrun
Feb 27 04:36:35 3dr_solo user.err kernel: imx-uart 21e8000.serial: Rx FIFO overrun
Feb 27 04:36:56 3dr_solo user.err kernel: imx-uart 21e8000.serial: Rx FIFO overrun
Feb 27 04:38:36 3dr_solo user.err kernel: imx-uart 21e8000.serial: Rx FIFO overrun
Feb 27 04:39:21 3dr_solo user.err kernel: imx-uart 21e8000.serial: Rx FIFO overrun
Feb 27 04:39:21 3dr_solo user.err kernel: imx-uart 21e8000.serial: Rx FIFO overrun
Feb 27 04:44:02 3dr_solo user.err kernel: imx-uart 21e8000.serial: Rx FIFO overrun
Feb 27 04:45:51 3dr_solo user.err kernel: imx-uart 21e8000.serial: Rx FIFO overrun
Feb 27 04:45:55 3dr_solo user.err kernel: imx-uart 21e8000.serial: Rx FIFO overrun
Feb 27 04:46:00 3dr_solo user.err kernel: imx-uart 21e8000.serial: Rx FIFO overrun
Feb 27 04:46:01 3dr_solo user.err kernel: imx-uart 21e8000.serial: Rx FIFO overrun
Feb 27 04:46:11 3dr_solo user.err kernel: imx-uart 21e8000.serial: Rx FIFO overrun
Feb 27 04:46:31 3dr_solo user.err kernel: imx-uart 21e8000.serial: Rx FIFO overrun
Feb 27 04:46:41 3dr_solo user.err kernel: imx-uart 21e8000.serial: Rx FIFO overrun
Feb 27 04:47:17 3dr_solo user.err kernel: imx-uart 21e8000.serial: Rx FIFO overrun
Feb 27 04:48:11 3dr_solo user.err kernel: imx-uart 21e8000.serial: Rx FIFO overrun
Feb 27 04:48:21 3dr_solo user.err kernel: imx-uart 21e8000.serial: Rx FIFO overrun
Feb 27 04:48:56 3dr_solo user.err kernel: imx-uart 21e8000.serial: Rx FIFO overrun
Feb 27 04:48:56 3dr_solo user.err kernel: imx-uart 21e8000.serial: Rx FIFO overrun
Feb 27 04:49:22 3dr_solo user.err kernel: imx-uart 21e8000.serial: Rx FIFO overrun
Feb 27 04:49:32 3dr_solo user.err kernel: imx-uart 21e8000.serial: Rx FIFO overrun
Feb 27 04:49:42 3dr_solo user.err kernel: imx-uart 21e8000.serial: Rx FIFO overrun
Feb 27 04:49:52 3dr_solo user.err kernel: imx-uart 21e8000.serial: Rx FIFO overrun
Feb 27 04:51:02 3dr_solo user.err kernel: imx-uart 21e8000.serial: Rx FIFO overrun
Feb 27 04:52:22 3dr_solo user.err kernel: imx-uart 21e8000.serial: Rx FIFO overrun
Feb 27 04:52:52 3dr_solo user.err kernel: imx-uart 21e8000.serial: Rx FIFO overrun
Feb 27 04:53:02 3dr_solo user.err kernel: imx-uart 21e8000.serial: Rx FIFO overrun
Feb 27 04:53:02 3dr_solo user.err kernel: imx-uart 21e8000.serial: Rx FIFO overrun
Feb 27 04:53:12 3dr_solo user.err kernel: imx-uart 21e8000.serial: Rx FIFO overrun
Feb 27 04:53:22 3dr_solo user.err kernel: imx-uart 21e8000.serial: Rx FIFO overrun
Feb 27 04:53:32 3dr_solo user.err kernel: imx-uart 21e8000.serial: Rx FIFO overrun
Feb 27 04:53:52 3dr_solo user.err kernel: imx-uart 21e8000.serial: Rx FIFO overrun
Feb 27 04:54:02 3dr_solo user.err kernel: imx-uart 21e8000.serial: Rx FIFO overrun
Feb 27 04:55:07 3dr_solo user.err kernel: imx-uart 21e8000.serial: Rx FIFO overrun
Feb 27 04:55:12 3dr_solo user.err kernel: imx-uart 21e8000.serial: Rx FIFO overrun
Feb 27 04:55:12 3dr_solo user.err kernel: imx-uart 21e8000.serial: Rx FIFO overrun
Feb 27 04:55:42 3dr_solo user.err kernel: imx-uart 21e8000.serial: Rx FIFO overrun
Feb 27 04:55:52 3dr_solo user.err kernel: imx-uart 21e8000.serial: Rx FIFO overrun
Feb 27 04:56:13 3dr_solo user.err kernel: imx-uart 21e8000.serial: Rx FIFO overrun
Feb 27 04:56:33 3dr_solo user.err kernel: imx-uart 21e8000.serial: Rx FIFO overrun
Feb 27 04:56:37 3dr_solo user.err kernel: imx-uart 21e8000.serial: Rx FIFO overrun
Feb 27 04:56:42 3dr_solo user.err kernel: imx-uart 21e8000.serial: Rx FIFO overrun
Feb 27 04:57:05 3dr_solo user.err kernel: imx-uart 21e8000.serial: Rx FIFO overrun
Feb 27 04:57:13 3dr_solo user.err kernel: imx-uart 21e8000.serial: Rx FIFO overrun
Feb 27 04:57:27 3dr_solo user.err kernel: imx-uart 21e8000.serial: Rx FIFO overrun
Feb 27 05:00:37 3dr_solo user.err kernel: imx-uart 21e8000.serial: Rx FIFO overrun
Feb 27 05:00:53 3dr_solo user.err kernel: imx-uart 21e8000.serial: Rx FIFO overrun
Feb 27 05:02:23 3dr_solo user.err kernel: imx-uart 21e8000.serial: Rx FIFO overrun
Feb 27 05:03:57 3dr_solo user.err kernel: imx-uart 21e8000.serial: Rx FIFO overrun
Feb 27 05:04:14 3dr_solo user.err kernel: imx-uart 21e8000.serial: Rx FIFO overrun
Feb 27 05:05:34 3dr_solo user.err kernel: imx-uart 21e8000.serial: Rx FIFO overrun
Feb 27 05:05:51 3dr_solo user.err kernel: imx-uart 21e8000.serial: Rx FIFO overrun
Feb 27 05:06:19 3dr_solo user.err kernel: imx-uart 21e8000.serial: Rx FIFO overrun
Feb 27 05:06:30 3dr_solo user.err kernel: imx-uart 21e8000.serial: Rx FIFO overrun
Feb 27 05:06:41 3dr_solo user.err kernel: imx-uart 21e8000.serial: Rx FIFO overrun
Feb 27 05:06:52 3dr_solo user.err kernel: imx-uart 21e8000.serial: Rx FIFO overrun
Feb 27 05:07:25 3dr_solo user.err kernel: imx-uart 21e8000.serial: Rx FIFO overrun
Feb 27 05:07:39 3dr_solo user.err kernel: imx-uart 21e8000.serial: Rx FIFO overrun
Feb 27 05:08:01 3dr_solo user.err kernel: imx-uart 21e8000.serial: Rx FIFO overrun
Feb 27 05:08:12 3dr_solo user.err kernel: imx-uart 21e8000.serial: Rx FIFO overrun
Feb 27 05:08:15 3dr_solo user.err kernel: imx-uart 21e8000.serial: Rx FIFO overrun
Feb 27 05:09:31 3dr_solo user.err kernel: imx-uart 21e8000.serial: Rx FIFO overrun
Feb 27 05:09:59 3dr_solo user.err kernel: imx-uart 21e8000.serial: Rx FIFO overrun
Feb 27 05:10:27 3dr_solo user.err kernel: imx-uart 21e8000.serial: Rx FIFO overrun
Feb 27 05:10:38 3dr_solo user.err kernel: imx-uart 21e8000.serial: Rx FIFO overrun
Feb 27 05:10:41 3dr_solo user.err kernel: imx-uart 21e8000.serial: Rx FIFO overrun
Feb 27 05:10:49 3dr_solo user.err kernel: imx-uart 21e8000.serial: Rx FIFO overrun
Feb 27 05:11:12 3dr_solo user.err kernel: imx-uart 21e8000.serial: Rx FIFO overrun
Feb 27 05:11:31 3dr_solo user.err kernel: imx-uart 21e8000.serial: Rx FIFO overrun
Feb 27 05:12:11 3dr_solo user.err kernel: imx-uart 21e8000.serial: Rx FIFO overrun
Feb 27 05:12:16 3dr_solo user.err kernel: imx-uart 21e8000.serial: Rx FIFO overrun
Feb 27 05:12:26 3dr_solo user.err kernel: imx-uart 21e8000.serial: Rx FIFO overrun
Feb 27 05:13:11 3dr_solo user.err kernel: imx-uart 21e8000.serial: Rx FIFO overrun
Feb 27 05:13:39 3dr_solo user.err kernel: imx-uart 21e8000.serial: Rx FIFO overrun
Feb 27 05:13:56 3dr_solo user.err kernel: imx-uart 21e8000.serial: Rx FIFO overrun
Feb 27 05:16:16 3dr_solo user.err kernel: imx-uart 21e8000.serial: Rx FIFO overrun
Feb 27 05:17:35 3dr_solo user.err kernel: imx-uart 21e8000.serial: Rx FIFO overrun
Feb 27 05:18:25 3dr_solo user.err kernel: imx-uart 21e8000.serial: Rx FIFO overrun
Feb 27 05:20:15 3dr_solo user.err kernel: imx-uart 21e8000.serial: Rx FIFO overrun
Feb 27 05:21:46 3dr_solo user.err kernel: imx-uart 21e8000.serial: Rx FIFO overrun
Feb 27 05:24:56 3dr_solo user.err kernel: imx-uart 21e8000.serial: Rx FIFO overrun
Feb 27 05:25:46 3dr_solo user.err kernel: imx-uart 21e8000.serial: Rx FIFO overrun
Feb 27 05:27:12 3dr_solo user.err kernel: imx-uart 21e8000.serial: Rx FIFO overrun
Feb 27 05:28:27 3dr_solo user.err kernel: imx-uart 21e8000.serial: Rx FIFO overrun
Feb 27 05:28:32 3dr_solo user.err kernel: imx-uart 21e8000.serial: Rx FIFO overrun
Feb 27 05:30:52 3dr_solo user.err kernel: imx-uart 21e8000.serial: Rx FIFO overrun
Feb 27 05:30:57 3dr_solo user.err kernel: imx-uart 21e8000.serial: Rx FIFO overrun
Feb 27 05:35:07 3dr_solo user.err kernel: imx-uart 21e8000.serial: Rx FIFO overrun
Feb 27 05:36:42 3dr_solo user.err kernel: imx-uart 21e8000.serial: Rx FIFO overrun
Feb 27 05:37:28 3dr_solo user.err kernel: imx-uart 21e8000.serial: Rx FIFO overrun
Feb 27 05:40:03 3dr_solo user.err kernel: imx-uart 21e8000.serial: Rx FIFO overrun
Feb 27 05:40:53 3dr_solo user.err kernel: imx-uart 21e8000.serial: Rx FIFO overrun
Feb 27 05:40:58 3dr_solo user.err kernel: imx-uart 21e8000.serial: Rx FIFO overrun
Feb 27 05:42:30 3dr_solo user.err kernel: imx-uart 21e8000.serial: Rx FIFO overrun
Feb 27 05:42:40 3dr_solo user.err kernel: imx-uart 21e8000.serial: Rx FIFO overrun
Feb 27 05:42:50 3dr_solo user.err kernel: imx-uart 21e8000.serial: Rx FIFO overrun
Feb 27 05:43:00 3dr_solo user.err kernel: imx-uart 21e8000.serial: Rx FIFO overrun
Feb 27 05:43:10 3dr_solo user.err kernel: imx-uart 21e8000.serial: Rx FIFO overrun
Feb 27 05:43:19 3dr_solo user.err kernel: imx-uart 21e8000.serial: Rx FIFO overrun
Feb 27 05:43:20 3dr_solo user.err kernel: imx-uart 21e8000.serial: Rx FIFO overrun
Feb 27 05:43:30 3dr_solo user.err kernel: imx-uart 21e8000.serial: Rx FIFO overrun
Feb 27 05:43:40 3dr_solo user.err kernel: imx-uart 21e8000.serial: Rx FIFO overrun
Feb 27 05:43:50 3dr_solo user.err kernel: imx-uart 21e8000.serial: Rx FIFO overrun
Feb 27 05:44:00 3dr_solo user.err kernel: imx-uart 21e8000.serial: Rx FIFO overrun
Feb 27 05:44:10 3dr_solo user.err kernel: imx-uart 21e8000.serial: Rx FIFO overrun
Feb 27 05:44:20 3dr_solo user.err kernel: imx-uart 21e8000.serial: Rx FIFO overrun
Feb 27 05:44:50 3dr_solo user.err kernel: imx-uart 21e8000.serial: Rx FIFO overrun
Feb 27 05:44:55 3dr_solo user.err kernel: imx-uart 21e8000.serial: Rx FIFO overrun
Feb 27 05:45:00 3dr_solo user.err kernel: imx-uart 21e8000.serial: Rx FIFO overrun
Feb 27 05:45:10 3dr_solo user.err kernel: imx-uart 21e8000.serial: Rx FIFO overrun
Feb 27 05:46:20 3dr_solo user.err kernel: imx-uart 21e8000.serial: Rx FIFO overrun
Feb 27 05:46:25 3dr_solo user.err kernel: imx-uart 21e8000.serial: Rx FIFO overrun
Feb 27 05:46:25 3dr_solo user.err kernel: imx-uart 21e8000.serial: Rx FIFO overrun
Feb 27 05:46:41 3dr_solo user.err kernel: imx-uart 21e8000.serial: Rx FIFO overrun
Feb 27 05:47:11 3dr_solo user.err kernel: imx-uart 21e8000.serial: Rx FIFO overrun
Feb 27 05:47:21 3dr_solo user.err kernel: imx-uart 21e8000.serial: Rx FIFO overrun
Feb 27 05:47:31 3dr_solo user.err kernel: imx-uart 21e8000.serial: Rx FIFO overrun
Feb 27 05:47:41 3dr_solo user.err kernel: imx-uart 21e8000.serial: Rx FIFO overrun
Feb 27 05:48:11 3dr_solo user.err kernel: imx-uart 21e8000.serial: Rx FIFO overrun
Feb 27 05:48:21 3dr_solo user.err kernel: imx-uart 21e8000.serial: Rx FIFO overrun
Feb 27 05:49:33 3dr_solo user.err kernel: imx-uart 21e8000.serial: Rx FIFO overrun
Feb 27 05:49:38 3dr_solo user.err kernel: imx-uart 21e8000.serial: Rx FIFO overrun
Feb 27 05:49:44 3dr_solo user.err kernel: imx-uart 21e8000.serial: Rx FIFO overrun
Feb 27 05:49:55 3dr_solo user.err kernel: imx-uart 21e8000.serial: Rx FIFO overrun
Feb 27 05:50:29 3dr_solo user.err kernel: imx-uart 21e8000.serial: Rx FIFO overrun
Feb 27 05:50:34 3dr_solo user.err kernel: imx-uart 21e8000.serial: Rx FIFO overrun
Feb 27 05:50:40 3dr_solo user.err kernel: imx-uart 21e8000.serial: Rx FIFO overrun
Feb 27 05:50:45 3dr_solo user.err kernel: imx-uart 21e8000.serial: Rx FIFO overrun
Feb 27 05:51:32 3dr_solo user.err kernel: imx-uart 21e8000.serial: Rx FIFO overrun
Feb 27 05:51:37 3dr_solo user.err kernel: imx-uart 21e8000.serial: Rx FIFO overrun
Feb 27 05:51:54 3dr_solo user.err kernel: imx-uart 21e8000.serial: Rx FIFO overrun
Feb 27 05:52:11 3dr_solo user.err kernel: imx-uart 21e8000.serial: Rx FIFO overrun
Feb 27 05:52:22 3dr_solo user.err kernel: imx-uart 21e8000.serial: Rx FIFO overrun
Feb 27 05:52:38 3dr_solo user.err kernel: imx-uart 21e8000.serial: Rx FIFO overrun
Feb 27 05:52:55 3dr_solo user.err kernel: imx-uart 21e8000.serial: Rx FIFO overrun
Feb 27 05:53:00 3dr_solo user.err kernel: imx-uart 21e8000.serial: Rx FIFO overrun
Feb 27 05:53:06 3dr_solo user.err kernel: imx-uart 21e8000.serial: Rx FIFO overrun
Feb 27 05:53:29 3dr_solo user.err kernel: imx-uart 21e8000.serial: Rx FIFO overrun
Feb 27 05:53:34 3dr_solo user.err kernel: imx-uart 21e8000.serial: Rx FIFO overrun
Feb 27 05:53:45 3dr_solo user.err kernel: imx-uart 21e8000.serial: Rx FIFO overrun
Feb 27 05:54:43 3dr_solo user.err kernel: imx-uart 21e8000.serial: Rx FIFO overrun
Feb 27 05:54:55 3dr_solo user.err kernel: imx-uart 21e8000.serial: Rx FIFO overrun
Feb 27 05:55:43 3dr_solo user.err kernel: imx-uart 21e8000.serial: Rx FIFO overrun
Feb 27 05:55:54 3dr_solo user.err kernel: imx-uart 21e8000.serial: Rx FIFO overrun
Feb 27 05:55:54 3dr_solo user.err kernel: imx-uart 21e8000.serial: Rx FIFO overrun
Feb 27 05:56:10 3dr_solo user.err kernel: imx-uart 21e8000.serial: Rx FIFO overrun
Feb 27 05:56:18 3dr_solo user.err kernel: imx-uart 21e8000.serial: Rx FIFO overrun
Feb 27 05:56:21 3dr_solo user.err kernel: imx-uart 21e8000.serial: Rx FIFO overrun
Feb 27 05:56:23 3dr_solo user.err kernel: imx-uart 21e8000.serial: Rx FIFO overrun
Feb 27 05:56:28 3dr_solo user.err kernel: imx-uart 21e8000.serial: Rx FIFO overrun
Feb 27 05:56:32 3dr_solo user.err kernel: imx-uart 21e8000.serial: Rx FIFO overrun
Feb 27 05:56:43 3dr_solo user.err kernel: imx-uart 21e8000.serial: Rx FIFO overrun
Feb 27 05:57:00 3dr_solo user.err kernel: imx-uart 21e8000.serial: Rx FIFO overrun
Feb 27 05:57:11 3dr_solo user.err kernel: imx-uart 21e8000.serial: Rx FIFO overrun
Feb 27 05:57:22 3dr_solo user.err kernel: imx-uart 21e8000.serial: Rx FIFO overrun
Feb 27 05:57:45 3dr_solo user.err kernel: imx-uart 21e8000.serial: Rx FIFO overrun
Feb 27 05:57:56 3dr_solo user.err kernel: imx-uart 21e8000.serial: Rx FIFO overrun
Feb 27 05:58:07 3dr_solo user.err kernel: imx-uart 21e8000.serial: Rx FIFO overrun
Feb 27 05:58:29 3dr_solo user.err kernel: imx-uart 21e8000.serial: Rx FIFO overrun
Feb 27 05:59:33 3dr_solo user.err kernel: imx-uart 21e8000.serial: Rx FIFO overrun
Feb 27 05:59:38 3dr_solo user.err kernel: imx-uart 21e8000.serial: Rx FIFO overrun
Feb 27 05:59:49 3dr_solo user.err kernel: imx-uart 21e8000.serial: Rx FIFO overrun
Feb 27 06:00:06 3dr_solo user.err kernel: imx-uart 21e8000.serial: Rx FIFO overrun
Feb 27 06:00:17 3dr_solo user.err kernel: imx-uart 21e8000.serial: Rx FIFO overrun
Feb 27 06:00:28 3dr_solo user.err kernel: imx-uart 21e8000.serial: Rx FIFO overrun
Feb 27 06:00:34 3dr_solo user.err kernel: imx-uart 21e8000.serial: Rx FIFO overrun
Feb 27 06:00:45 3dr_solo user.err kernel: imx-uart 21e8000.serial: Rx FIFO overrun
Feb 27 06:00:56 3dr_solo user.err kernel: imx-uart 21e8000.serial: Rx FIFO overrun
Feb 27 06:01:19 3dr_solo user.err kernel: imx-uart 21e8000.serial: Rx FIFO overrun
Feb 27 06:01:42 3dr_solo user.err kernel: imx-uart 21e8000.serial: Rx FIFO overrun
Feb 27 06:01:59 3dr_solo user.err kernel: imx-uart 21e8000.serial: Rx FIFO overrun
Feb 27 06:03:37 3dr_solo user.err kernel: imx-uart 21e8000.serial: Rx FIFO overrun
Feb 27 06:04:12 3dr_solo user.err kernel: imx-uart 21e8000.serial: Rx FIFO overrun
Feb 27 06:04:17 3dr_solo user.err kernel: imx-uart 21e8000.serial: Rx FIFO overrun
Feb 27 06:05:12 3dr_solo user.err kernel: imx-uart 21e8000.serial: Rx FIFO overrun
Feb 27 06:06:48 3dr_solo user.err kernel: imx-uart 21e8000.serial: Rx FIFO overrun
Feb 27 06:07:33 3dr_solo user.err kernel: imx-uart 21e8000.serial: Rx FIFO overrun
Feb 27 06:09:13 3dr_solo user.err kernel: imx-uart 21e8000.serial: Rx FIFO overrun
Feb 27 06:09:23 3dr_solo user.err kernel: imx-uart 21e8000.serial: Rx FIFO overrun
Feb 27 06:09:28 3dr_solo user.err kernel: imx-uart 21e8000.serial: Rx FIFO overrun
Feb 27 06:10:48 3dr_solo user.err kernel: imx-uart 21e8000.serial: Rx FIFO overrun
Feb 27 06:12:33 3dr_solo user.err kernel: imx-uart 21e8000.serial: Rx FIFO overrun
Feb 27 06:13:23 3dr_solo user.err kernel: imx-uart 21e8000.serial: Rx FIFO overrun
Feb 27 06:13:28 3dr_solo user.err kernel: imx-uart 21e8000.serial: Rx FIFO overrun
Feb 27 06:14:03 3dr_solo user.err kernel: imx-uart 21e8000.serial: Rx FIFO overrun
Feb 27 06:16:34 3dr_solo user.err kernel: imx-uart 21e8000.serial: Rx FIFO overrun
Feb 27 06:17:14 3dr_solo user.err kernel: imx-uart 21e8000.serial: Rx FIFO overrun
Feb 27 06:17:24 3dr_solo user.err kernel: imx-uart 21e8000.serial: Rx FIFO overrun
Feb 27 06:17:34 3dr_solo user.err kernel: imx-uart 21e8000.serial: Rx FIFO overrun
Feb 27 06:18:54 3dr_solo user.err kernel: imx-uart 21e8000.serial: Rx FIFO overrun
Feb 27 06:18:59 3dr_solo user.err kernel: imx-uart 21e8000.serial: Rx FIFO overrun
Feb 27 06:19:04 3dr_solo user.err kernel: imx-uart 21e8000.serial: Rx FIFO overrun
Feb 27 06:21:05 3dr_solo user.err kernel: imx-uart 21e8000.serial: Rx FIFO overrun
Feb 27 06:21:45 3dr_solo user.err kernel: imx-uart 21e8000.serial: Rx FIFO overrun
Feb 27 06:24:16 3dr_solo user.err kernel: imx-uart 21e8000.serial: Rx FIFO overrun
Feb 27 06:24:21 3dr_solo user.err kernel: imx-uart 21e8000.serial: Rx FIFO overrun
Feb 27 06:24:26 3dr_solo user.err kernel: imx-uart 21e8000.serial: Rx FIFO overrun
Feb 27 06:26:06 3dr_solo user.err kernel: imx-uart 21e8000.serial: Rx FIFO overrun
Feb 27 06:27:41 3dr_solo user.err kernel: imx-uart 21e8000.serial: Rx FIFO overrun
Feb 27 06:28:26 3dr_solo user.err kernel: imx-uart 21e8000.serial: Rx FIFO overrun
Feb 27 06:28:47 3dr_solo user.err kernel: imx-uart 21e8000.serial: Rx FIFO overrun
Feb 27 06:29:07 3dr_solo user.err kernel: imx-uart 21e8000.serial: Rx FIFO overrun
Feb 27 06:29:17 3dr_solo user.err kernel: imx-uart 21e8000.serial: Rx FIFO overrun
Feb 27 06:29:27 3dr_solo user.err kernel: imx-uart 21e8000.serial: Rx FIFO overrun
Feb 27 06:29:37 3dr_solo user.err kernel: imx-uart 21e8000.serial: Rx FIFO overrun
Feb 27 06:29:47 3dr_solo user.err kernel: imx-uart 21e8000.serial: Rx FIFO overrun
Feb 27 06:29:57 3dr_solo user.err kernel: imx-uart 21e8000.serial: Rx FIFO overrun
Feb 27 06:30:16 3dr_solo user.err kernel: imx-uart 21e8000.serial: Rx FIFO overrun
Feb 27 06:31:42 3dr_solo user.err kernel: imx-uart 21e8000.serial: Rx FIFO overrun
Feb 27 06:32:32 3dr_solo user.err kernel: imx-uart 21e8000.serial: Rx FIFO overrun
Feb 27 06:32:58 3dr_solo user.err kernel: imx-uart 21e8000.serial: Rx FIFO overrun
Feb 27 06:33:17 3dr_solo user.err kernel: imx-uart 21e8000.serial: Rx FIFO overrun
Feb 27 06:33:18 3dr_solo user.err kernel: imx-uart 21e8000.serial: Rx FIFO overrun
Feb 27 06:33:38 3dr_solo user.err kernel: imx-uart 21e8000.serial: Rx FIFO overrun
Feb 27 06:33:58 3dr_solo user.err kernel: imx-uart 21e8000.serial: Rx FIFO overrun
Feb 27 06:34:02 3dr_solo user.err kernel: imx-uart 21e8000.serial: Rx FIFO overrun
Feb 27 06:34:08 3dr_solo user.err kernel: imx-uart 21e8000.serial: Rx FIFO overrun
Feb 27 06:34:12 3dr_solo user.err kernel: imx-uart 21e8000.serial: Rx FIFO overrun
Feb 27 06:34:28 3dr_solo user.err kernel: imx-uart 21e8000.serial: Rx FIFO overrun
Feb 27 06:34:58 3dr_solo user.err kernel: imx-uart 21e8000.serial: Rx FIFO overrun
Feb 27 06:35:43 3dr_solo user.err kernel: imx-uart 21e8000.serial: Rx FIFO overrun
Feb 27 06:35:47 3dr_solo user.err kernel: imx-uart 21e8000.serial: Rx FIFO overrun
Feb 27 06:36:15 3dr_solo user.err kernel: imx-uart 21e8000.serial: Rx FIFO overrun
Feb 27 06:37:18 3dr_solo user.err kernel: imx-uart 21e8000.serial: Rx FIFO overrun
Feb 27 06:37:28 3dr_solo user.err kernel: imx-uart 21e8000.serial: Rx FIFO overrun
Feb 27 06:37:38 3dr_solo user.err kernel: imx-uart 21e8000.serial: Rx FIFO overrun
Feb 27 06:38:08 3dr_solo user.err kernel: imx-uart 21e8000.serial: Rx FIFO overrun
Feb 27 06:38:08 3dr_solo user.err kernel: imx-uart 21e8000.serial: Rx FIFO overrun
Feb 27 06:38:13 3dr_solo user.err kernel: imx-uart 21e8000.serial: Rx FIFO overrun
Feb 27 06:38:18 3dr_solo user.err kernel: imx-uart 21e8000.serial: Rx FIFO overrun
Feb 27 06:39:38 3dr_solo user.err kernel: imx-uart 21e8000.serial: Rx FIFO overrun
Feb 27 06:39:43 3dr_solo user.err kernel: imx-uart 21e8000.serial: Rx FIFO overrun
Feb 27 06:39:48 3dr_solo user.err kernel: imx-uart 21e8000.serial: Rx FIFO overrun
Feb 27 06:39:48 3dr_solo user.err kernel: imx-uart 21e8000.serial: Rx FIFO overrun
Feb 27 06:39:58 3dr_solo user.err kernel: imx-uart 21e8000.serial: Rx FIFO overrun
Feb 27 06:40:38 3dr_solo user.err kernel: imx-uart 21e8000.serial: Rx FIFO overrun
Feb 27 06:41:07 3dr_solo user.err kernel: imx-uart 21e8000.serial: Rx FIFO overrun
Feb 27 06:41:28 3dr_solo user.err kernel: imx-uart 21e8000.serial: Rx FIFO overrun
Feb 27 06:41:35 3dr_solo user.err kernel: imx-uart 21e8000.serial: Rx FIFO overrun
Feb 27 06:42:13 3dr_solo user.err kernel: imx-uart 21e8000.serial: Rx FIFO overrun
Feb 27 06:43:08 3dr_solo user.err kernel: imx-uart 21e8000.serial: Rx FIFO overrun
Feb 27 06:46:37 3dr_solo user.err kernel: imx-uart 21e8000.serial: Rx FIFO overrun
Feb 27 06:46:42 3dr_solo user.err kernel: imx-uart 21e8000.serial: Rx FIFO overrun
Feb 27 06:46:48 3dr_solo user.err kernel: imx-uart 21e8000.serial: Rx FIFO overrun
Feb 27 06:47:10 3dr_solo user.err kernel: imx-uart 21e8000.serial: Rx FIFO overrun
Feb 27 06:47:10 3dr_solo user.err kernel: imx-uart 21e8000.serial: Rx FIFO overrun
Feb 27 06:47:21 3dr_solo user.err kernel: imx-uart 21e8000.serial: Rx FIFO overrun
Feb 27 06:47:32 3dr_solo user.err kernel: imx-uart 21e8000.serial: Rx FIFO overrun
Feb 27 06:47:43 3dr_solo user.err kernel: imx-uart 21e8000.serial: Rx FIFO overrun
Feb 27 06:47:54 3dr_solo user.err kernel: imx-uart 21e8000.serial: Rx FIFO overrun
Feb 27 06:48:05 3dr_solo user.err kernel: imx-uart 21e8000.serial: Rx FIFO overrun
Feb 27 06:48:27 3dr_solo user.err kernel: imx-uart 21e8000.serial: Rx FIFO overrun
Feb 27 06:48:35 3dr_solo user.err kernel: imx-uart 21e8000.serial: Rx FIFO overrun
Feb 27 06:48:38 3dr_solo user.err kernel: imx-uart 21e8000.serial: Rx FIFO overrun
Feb 27 06:48:40 3dr_solo user.err kernel: imx-uart 21e8000.serial: Rx FIFO overrun
Feb 27 06:48:49 3dr_solo user.err kernel: imx-uart 21e8000.serial: Rx FIFO overrun
Feb 27 06:49:30 3dr_solo user.err kernel: imx-uart 21e8000.serial: Rx FIFO overrun
Feb 27 06:49:47 3dr_solo user.err kernel: imx-uart 21e8000.serial: Rx FIFO overrun
Feb 27 06:50:04 3dr_solo user.err kernel: imx-uart 21e8000.serial: Rx FIFO overrun
Feb 27 06:50:15 3dr_solo user.err kernel: imx-uart 21e8000.serial: Rx FIFO overrun
Feb 27 06:50:31 3dr_solo user.err kernel: imx-uart 21e8000.serial: Rx FIFO overrun
Feb 27 06:50:42 3dr_solo user.err kernel: imx-uart 21e8000.serial: Rx FIFO overrun
Feb 27 06:50:53 3dr_solo user.err kernel: imx-uart 21e8000.serial: Rx FIFO overrun
Feb 27 06:51:04 3dr_solo user.err kernel: imx-uart 21e8000.serial: Rx FIFO overrun
Feb 27 06:51:15 3dr_solo user.err kernel: imx-uart 21e8000.serial: Rx FIFO overrun
Feb 27 06:51:32 3dr_solo user.err kernel: imx-uart 21e8000.serial: Rx FIFO overrun
Feb 27 06:51:49 3dr_solo user.err kernel: imx-uart 21e8000.serial: Rx FIFO overrun
Feb 27 06:52:37 3dr_solo user.err kernel: imx-uart 21e8000.serial: Rx FIFO overrun
Feb 27 06:52:42 3dr_solo user.err kernel: imx-uart 21e8000.serial: Rx FIFO overrun
Feb 27 06:52:42 3dr_solo user.err kernel: imx-uart 21e8000.serial: Rx FIFO overrun
Feb 27 06:54:12 3dr_solo user.err kernel: imx-uart 21e8000.serial: Rx FIFO overrun
Feb 27 06:54:55 3dr_solo user.err kernel: imx-uart 21e8000.serial: Rx FIFO overrun
Feb 27 06:54:58 3dr_solo user.err kernel: imx-uart 21e8000.serial: Rx FIFO overrun
Feb 27 06:55:05 3dr_solo user.err kernel: imx-uart 21e8000.serial: Rx FIFO overrun
Feb 27 06:55:05 3dr_solo user.err kernel: imx-uart 21e8000.serial: Rx FIFO overrun
Feb 27 06:56:38 3dr_solo user.err kernel: imx-uart 21e8000.serial: Rx FIFO overrun
Feb 27 06:56:48 3dr_solo user.err kernel: imx-uart 21e8000.serial: Rx FIFO overrun
Feb 27 06:57:33 3dr_solo user.err kernel: imx-uart 21e8000.serial: Rx FIFO overrun
Feb 27 06:59:09 3dr_solo user.err kernel: imx-uart 21e8000.serial: Rx FIFO overrun
Feb 27 07:00:35 3dr_solo user.err kernel: imx-uart 21e8000.serial: Rx FIFO overrun
Feb 27 07:00:40 3dr_solo user.err kernel: imx-uart 21e8000.serial: Rx FIFO overrun
Feb 27 07:02:15 3dr_solo user.err kernel: imx-uart 21e8000.serial: Rx FIFO overrun
Jan  1 00:00:08 3dr_solo user.notice kernel: klogd started: BusyBox v1.21.1 (2015-08-21 01:09:12 UTC)
Jan  1 00:00:08 3dr_solo user.info kernel: Booting Linux on physical CPU 0x0
Jan  1 00:00:08 3dr_solo user.notice kernel: Linux version 3.10.17-rt12-1.0.0_ga+g4176d57 (vagrant@vagrant-ubuntu-trusty-64) (gcc version 4.8.1 (GCC) ) #2 SMP PREEMPT Sun Jan 26 18:42:18 UTC 2020
Jan  1 00:00:08 3dr_solo user.warn kernel: CPU: ARMv7 Processor [412fc09a] revision 10 (ARMv7), cr=10c53c7d
Jan  1 00:00:08 3dr_solo user.warn kernel: CPU: PIPT / VIPT nonaliasing data cache, VIPT aliasing instruction cache
Jan  1 00:00:08 3dr_solo user.info kernel: Machine: Freescale i.MX6 Quad/DualLite (Device Tree), model: 3DRobotics i.MX6 Solo HDTC
Jan  1 00:00:08 3dr_solo user.info kernel: cma: CMA: reserved 320 MiB at 1c000000
Jan  1 00:00:08 3dr_solo user.warn kernel: Memory policy: ECC disabled, Data cache writealloc
Jan  1 00:00:08 3dr_solo user.debug kernel: On node 0 totalpages: 131072
Jan  1 00:00:08 3dr_solo user.debug kernel: free_area_init_node: node 0, pgdat 81004bc0, node_mem_map 81069000
Jan  1 00:00:08 3dr_solo user.debug kernel:   DMA zone: 1024 pages used for memmap
Jan  1 00:00:08 3dr_solo user.debug kernel:   DMA zone: 0 pages reserved
Jan  1 00:00:08 3dr_solo user.debug kernel:   DMA zone: 131072 pages, LIFO batch:31
Jan  1 00:00:08 3dr_solo user.info kernel: PERCPU: Embedded 8 pages/cpu @8147b000 s9024 r8192 d15552 u32768
Jan  1 00:00:08 3dr_solo user.debug kernel: pcpu-alloc: s9024 r8192 d15552 u32768 alloc=8*4096
Jan  1 00:00:08 3dr_solo user.debug kernel: pcpu-alloc: [0] 0 
Jan  1 00:00:08 3dr_solo user.warn kernel: Built 1 zonelists in Zone order, mobility grouping on.  Total pages: 130048
Jan  1 00:00:08 3dr_solo user.notice kernel: Kernel command line: console=ttymxc3,115200 nosmp root=/dev/mmcblk0p2 rootwait ro video=mxcfb0:dev=hdmi,1280x720M@60 consoleblank=0 factoryreset=0 vt.global_cursor_default=0
Jan  1 00:00:08 3dr_solo user.info kernel: PID hash table entries: 2048 (order: 1, 8192 bytes)
Jan  1 00:00:08 3dr_solo user.info kernel: Dentry cache hash table entries: 65536 (order: 6, 262144 bytes)
Jan  1 00:00:08 3dr_solo user.info kernel: Inode-cache hash table entries: 32768 (order: 5, 131072 bytes)
Jan  1 00:00:08 3dr_solo user.info kernel: Memory: 512MB = 512MB total
Jan  1 00:00:08 3dr_solo user.notice kernel: Memory: 174496k/174496k available, 349792k reserved, 0K highmem
Jan  1 00:00:08 3dr_solo user.notice kernel: Virtual kernel memory layout:
Jan  1 00:00:08 3dr_solo user.notice kernel:     vector  : 0xffff0000 - 0xffff1000   (   4 kB)
Jan  1 00:00:08 3dr_solo user.notice kernel:     fixmap  : 0xfff00000 - 0xfffe0000   ( 896 kB)
Jan  1 00:00:08 3dr_solo user.notice kernel:     vmalloc : 0xa0800000 - 0xff000000   (1512 MB)
Jan  1 00:00:08 3dr_solo user.notice kernel:     lowmem  : 0x80000000 - 0xa0000000   ( 512 MB)
Jan  1 00:00:08 3dr_solo user.notice kernel:     pkmap   : 0x7fe00000 - 0x80000000   (   2 MB)
Jan  1 00:00:08 3dr_solo user.notice kernel:     modules : 0x7f000000 - 0x7fe00000   (  14 MB)
Jan  1 00:00:08 3dr_solo user.notice kernel:       .text : 0x80008000 - 0x8065018c   (6433 kB)
Jan  1 00:00:08 3dr_solo user.notice kernel:       .init : 0x80651000 - 0x80fcc340   (9709 kB)
Jan  1 00:00:08 3dr_solo user.notice kernel:       .data : 0x80fce000 - 0x81006040   ( 225 kB)
Jan  1 00:00:08 3dr_solo user.notice kernel:        .bss : 0x81006040 - 0x81068320   ( 393 kB)
Jan  1 00:00:08 3dr_solo user.info kernel: SLUB: HWalign=64, Order=0-3, MinObjects=0, CPUs=1, Nodes=1
Jan  1 00:00:08 3dr_solo user.info kernel: Preemptible hierarchical RCU implementation.
Jan  1 00:00:08 3dr_solo user.info kernel: 	RCU restricting CPUs from NR_CPUS=4 to nr_cpu_ids=1.
Jan  1 00:00:08 3dr_solo user.info kernel: NR_IRQS:16 nr_irqs:16 16
Jan  1 00:00:08 3dr_solo user.info kernel: L310 cache controller enabled
Jan  1 00:00:08 3dr_solo user.info kernel: l2x0: 16 ways, CACHE_ID 0x410000c8, AUX_CTRL 0x32050000, Cache size: 524288 B
Jan  1 00:00:08 3dr_solo user.info kernel: sched_clock: 32 bits at 3000kHz, resolution 333ns, wraps every 1431655ms
Jan  1 00:00:08 3dr_solo user.info kernel: CPU identified as i.MX6DL, silicon rev 1.3
Jan  1 00:00:08 3dr_solo user.info kernel: Console: colour dummy device 80x30
Jan  1 00:00:08 3dr_solo user.info kernel: Calibrating delay loop... 1581.05 BogoMIPS (lpj=7905280)
Jan  1 00:00:08 3dr_solo user.info kernel: pid_max: default: 32768 minimum: 301
Jan  1 00:00:08 3dr_solo user.info kernel: Mount-cache hash table entries: 512
Jan  1 00:00:08 3dr_solo user.info kernel: CPU: Testing write buffer coherency: ok
Jan  1 00:00:08 3dr_solo user.info kernel: CPU0: thread -1, cpu 0, socket 0, mpidr 80000000
Jan  1 00:00:08 3dr_solo user.info kernel: Setting up static identity map for 0x804a7f78 - 0x804a7fd0
Jan  1 00:00:08 3dr_solo user.info kernel: Brought up 1 CPUs
Jan  1 00:00:08 3dr_solo user.info kernel: SMP: Total of 1 processors activated (1581.05 BogoMIPS).
Jan  1 00:00:08 3dr_solo user.info kernel: CPU: All CPU(s) started in SVC mode.
Jan  1 00:00:08 3dr_solo user.info kernel: devtmpfs: initialized
Jan  1 00:00:08 3dr_solo user.info kernel: pinctrl core: initialized pinctrl subsystem
Jan  1 00:00:08 3dr_solo user.info kernel: regulator-dummy: no parameters
Jan  1 00:00:08 3dr_solo user.info kernel: NET: Registered protocol family 16
Jan  1 00:00:08 3dr_solo user.info kernel: DMA: preallocated 256 KiB pool for atomic coherent allocations
Jan  1 00:00:08 3dr_solo user.info kernel: Use WDOG1 as reset source
Jan  1 00:00:08 3dr_solo user.info kernel: syscon 20c8000.anatop: regmap [mem 0x020c8000-0x020c8fff] registered
Jan  1 00:00:08 3dr_solo user.info kernel: vdd1p1: 800 <--> 1375 mV at 1125 mV 
Jan  1 00:00:08 3dr_solo user.info kernel: vdd3p0: 2800 <--> 3150 mV at 3000 mV 
Jan  1 00:00:08 3dr_solo user.info kernel: vdd2p5: 2000 <--> 2750 mV at 2425 mV 
Jan  1 00:00:08 3dr_solo user.info kernel: cpu: 725 <--> 1450 mV at 1150 mV 
Jan  1 00:00:08 3dr_solo user.info kernel: vddpu: 725 <--> 1450 mV 
Jan  1 00:00:08 3dr_solo user.info kernel: vddsoc: 725 <--> 1450 mV at 1200 mV 
Jan  1 00:00:08 3dr_solo user.info kernel: syscon 20e0000.iomuxc-gpr: regmap [mem 0x020e0000-0x020e0037] registered
Jan  1 00:00:08 3dr_solo user.info kernel: syscon 21bc000.ocotp-ctrl: regmap [mem 0x021bc000-0x021bffff] registered
Jan  1 00:00:08 3dr_solo user.info kernel: hw-breakpoint: found 5 (+1 reserved) breakpoint and 1 watchpoint registers.
Jan  1 00:00:08 3dr_solo user.info kernel: hw-breakpoint: maximum watchpoint size is 4 bytes.
Jan  1 00:00:08 3dr_solo user.info kernel: imx6dl-pinctrl 20e0000.iomuxc: initialized IMX pinctrl driver
Jan  1 00:00:08 3dr_solo user.info kernel: bio: create slab <bio-0> at 0
Jan  1 00:00:08 3dr_solo user.info kernel: mxs-dma 110000.dma-apbh: initialized
Jan  1 00:00:08 3dr_solo user.info kernel: usb_otg_vbus: 5000 mV 
Jan  1 00:00:08 3dr_solo user.info kernel: usb_h1_vbus: 5000 mV 
Jan  1 00:00:08 3dr_solo user.info kernel: 3P3V: 3300 mV 
Jan  1 00:00:08 3dr_solo user.info kernel: 1P8V: 1800 mV 
Jan  1 00:00:08 3dr_solo user.info kernel: vgaarb: loaded
Jan  1 00:00:08 3dr_solo user.info kernel: usbcore: registered new interface driver usbfs
Jan  1 00:00:08 3dr_solo user.info kernel: usbcore: registered new interface driver hub
Jan  1 00:00:08 3dr_solo user.info kernel: usbcore: registered new device driver usb
Jan  1 00:00:08 3dr_solo user.info kernel: i2c i2c-0: IMX I2C adapter registered
Jan  1 00:00:08 3dr_solo user.info kernel: i2c i2c-1: IMX I2C adapter registered
Jan  1 00:00:08 3dr_solo user.info kernel: Linux video capture interface: v2.00
Jan  1 00:00:08 3dr_solo user.info kernel: pps_core: LinuxPPS API ver. 1 registered
Jan  1 00:00:08 3dr_solo user.info kernel: pps_core: Software ver. 5.3.6 - Copyright 2005-2007 Rodolfo Giometti <giometti@linux.it>
Jan  1 00:00:08 3dr_solo user.info kernel: PTP clock support registered
Jan  1 00:00:08 3dr_solo user.info kernel: imx-ipuv3 2400000.ipu: IPU DMFC NORMAL mode: 1(0~1), 5B(4,5), 5F(6,7)
Jan  1 00:00:08 3dr_solo user.info kernel: Advanced Linux Sound Architecture Driver Initialized.
Jan  1 00:00:08 3dr_solo user.info kernel: Switching to clocksource mxc_timer1
Jan  1 00:00:08 3dr_solo user.info kernel: PCI host bridge to bus 0000:00
Jan  1 00:00:08 3dr_solo user.info kernel: pci_bus 0000:00: root bus resource [io  0x1000-0x10000]
Jan  1 00:00:08 3dr_solo user.info kernel: pci_bus 0000:00: root bus resource [mem 0x01000000-0x01efffff]
Jan  1 00:00:08 3dr_solo user.info kernel: pci_bus 0000:00: No busn resource found for root bus, will use [bus 00-ff]
Jan  1 00:00:08 3dr_solo user.debug kernel: pci 0000:00:00.0: [16c3:abcd] type 01 class 0x060400
Jan  1 00:00:08 3dr_solo user.debug kernel: pci 0000:00:00.0: reg 10: [mem 0x00000000-0x000fffff]
Jan  1 00:00:08 3dr_solo user.debug kernel: pci 0000:00:00.0: reg 38: [mem 0x00000000-0x0000ffff pref]
Jan  1 00:00:08 3dr_solo user.debug kernel: pci 0000:00:00.0: supports D1
Jan  1 00:00:08 3dr_solo user.debug kernel: pci 0000:00:00.0: PME# supported from D0 D1 D3hot D3cold
Jan  1 00:00:08 3dr_solo user.info kernel: PCI: bus0: Fast back to back transfers disabled
Jan  1 00:00:08 3dr_solo user.debug kernel: pci 0000:01:00.0: [168c:0030] type 00 class 0x028000
Jan  1 00:00:08 3dr_solo user.debug kernel: pci 0000:01:00.0: reg 10: [mem 0x00000000-0x0001ffff 64bit]
Jan  1 00:00:08 3dr_solo user.debug kernel: pci 0000:01:00.0: reg 30: [mem 0x00000000-0x0000ffff pref]
Jan  1 00:00:08 3dr_solo user.debug kernel: pci 0000:01:00.0: supports D1
Jan  1 00:00:08 3dr_solo user.debug kernel: pci 0000:01:00.0: PME# supported from D0 D1 D3hot
Jan  1 00:00:08 3dr_solo user.info kernel: PCI: bus1: Fast back to back transfers disabled
Jan  1 00:00:08 3dr_solo user.debug kernel: pci_bus 0000:01: busn_res: [bus 01-ff] end is updated to 01
Jan  1 00:00:08 3dr_solo user.debug kernel: pci_bus 0000:00: busn_res: [bus 00-ff] end is updated to 01
Jan  1 00:00:08 3dr_solo user.info kernel: pci 0000:00:00.0: BAR 0: assigned [mem 0x01000000-0x010fffff]
Jan  1 00:00:08 3dr_solo user.info kernel: pci 0000:00:00.0: BAR 8: assigned [mem 0x01100000-0x011fffff]
Jan  1 00:00:08 3dr_solo user.info kernel: pci 0000:00:00.0: BAR 9: assigned [mem 0x01200000-0x012fffff pref]
Jan  1 00:00:08 3dr_solo user.info kernel: pci 0000:00:00.0: BAR 6: assigned [mem 0x01300000-0x0130ffff pref]
Jan  1 00:00:08 3dr_solo user.info kernel: pci 0000:01:00.0: BAR 0: assigned [mem 0x01100000-0x0111ffff 64bit]
Jan  1 00:00:08 3dr_solo user.info kernel: pci 0000:01:00.0: BAR 6: assigned [mem 0x01200000-0x0120ffff pref]
Jan  1 00:00:08 3dr_solo user.info kernel: pci 0000:00:00.0: PCI bridge to [bus 01]
Jan  1 00:00:08 3dr_solo user.info kernel: pci 0000:00:00.0:   bridge window [mem 0x01100000-0x011fffff]
Jan  1 00:00:08 3dr_solo user.info kernel: pci 0000:00:00.0:   bridge window [mem 0x01200000-0x012fffff pref]
Jan  1 00:00:08 3dr_solo user.debug kernel: pci_bus 0000:00: resource 4 [io  0x1000-0x10000]
Jan  1 00:00:08 3dr_solo user.debug kernel: pci_bus 0000:00: resource 5 [mem 0x01000000-0x01efffff]
Jan  1 00:00:08 3dr_solo user.debug kernel: pci_bus 0000:01: resource 1 [mem 0x01100000-0x011fffff]
Jan  1 00:00:08 3dr_solo user.debug kernel: pci_bus 0000:01: resource 2 [mem 0x01200000-0x012fffff pref]
Jan  1 00:00:08 3dr_solo user.info kernel: NET: Registered protocol family 2
Jan  1 00:00:08 3dr_solo user.info kernel: TCP established hash table entries: 4096 (order: 3, 32768 bytes)
Jan  1 00:00:08 3dr_solo user.info kernel: TCP bind hash table entries: 4096 (order: 3, 32768 bytes)
Jan  1 00:00:08 3dr_solo user.info kernel: TCP: Hash tables configured (established 4096 bind 4096)
Jan  1 00:00:08 3dr_solo user.info kernel: TCP: reno registered
Jan  1 00:00:08 3dr_solo user.info kernel: UDP hash table entries: 256 (order: 1, 8192 bytes)
Jan  1 00:00:08 3dr_solo user.info kernel: UDP-Lite hash table entries: 256 (order: 1, 8192 bytes)
Jan  1 00:00:08 3dr_solo user.info kernel: NET: Registered protocol family 1
Jan  1 00:00:08 3dr_solo user.debug kernel: PCI: CLS 64 bytes, default 64
Jan  1 00:00:08 3dr_solo user.info kernel: hw perfevents: enabled with ARMv7 Cortex-A9 PMU driver, 7 counters available
Jan  1 00:00:08 3dr_solo user.info kernel: pureg-dummy: no parameters
Jan  1 00:00:08 3dr_solo user.info kernel: Bus freq driver module loaded
Jan  1 00:00:08 3dr_solo user.notice kernel: VFS: Disk quotas dquot_6.5.2
Jan  1 00:00:08 3dr_solo user.warn kernel: Dquot-cache hash table entries: 1024 (order 0, 4096 bytes)
Jan  1 00:00:08 3dr_solo user.info kernel: squashfs: version 4.0 (2009/01/31) Phillip Lougher
Jan  1 00:00:08 3dr_solo user.info kernel: aufs 3.10-20141215
Jan  1 00:00:08 3dr_solo user.info kernel: msgmni has been set to 980
Jan  1 00:00:08 3dr_solo user.info kernel: io scheduler noop registered
Jan  1 00:00:08 3dr_solo user.info kernel: io scheduler deadline registered
Jan  1 00:00:08 3dr_solo user.info kernel: io scheduler cfq registered (default)
Jan  1 00:00:08 3dr_solo user.info kernel: imx-weim 21b8000.weim: WEIM driver registered.
Jan  1 00:00:08 3dr_solo user.warn kernel: imx-sdma 20ec000.sdma: no iram assigned, using external mem
Jan  1 00:00:08 3dr_solo user.info kernel: imx-sdma 20ec000.sdma: initialized
Jan  1 00:00:08 3dr_solo user.info kernel: imx-sdma 20ec000.sdma: loaded firmware 1.1
Jan  1 00:00:08 3dr_solo user.info kernel: Serial: IMX driver
Jan  1 00:00:08 3dr_solo user.info kernel: 21e8000.serial: ttymxc1 at MMIO 0x21e8000 (irq = 59) is a IMX
Jan  1 00:00:08 3dr_solo user.info kernel: 21ec000.serial: ttymxc2 at MMIO 0x21ec000 (irq = 60) is a IMX
Jan  1 00:00:08 3dr_solo user.info kernel: 21f0000.serial: ttymxc3 at MMIO 0x21f0000 (irq = 61) is a IMX
Jan  1 00:00:08 3dr_solo user.info kernel: console [ttymxc3] enabled
Jan  1 00:00:08 3dr_solo user.info kernel: 21f4000.serial: ttymxc4 at MMIO 0x21f4000 (irq = 62) is a IMX
Jan  1 00:00:08 3dr_solo user.info kernel: serial: Freescale lpuart driver
Jan  1 00:00:08 3dr_solo user.info kernel: [drm] Initialized drm 1.1.0 20060810
Jan  1 00:00:08 3dr_solo user.info kernel: brd: module loaded
Jan  1 00:00:08 3dr_solo user.info kernel: loop: module loaded
Jan  1 00:00:08 3dr_solo user.info kernel: ehci_hcd: USB 2.0 'Enhanced' Host Controller (EHCI) Driver
Jan  1 00:00:08 3dr_solo user.info kernel: ehci-pci: EHCI PCI platform driver
Jan  1 00:00:08 3dr_solo user.info kernel: ci_hdrc ci_hdrc.1: doesn't support gadget
Jan  1 00:00:08 3dr_solo user.info kernel: ci_hdrc ci_hdrc.1: EHCI Host Controller
Jan  1 00:00:08 3dr_solo user.info kernel: ci_hdrc ci_hdrc.1: new USB bus registered, assigned bus number 1
Jan  1 00:00:08 3dr_solo user.info kernel: ci_hdrc ci_hdrc.1: USB 2.0 started, EHCI 1.00
Jan  1 00:00:08 3dr_solo user.info kernel: hub 1-0:1.0: USB hub found
Jan  1 00:00:08 3dr_solo user.info kernel: hub 1-0:1.0: 1 port detected
Jan  1 00:00:08 3dr_solo user.info kernel: snvs_rtc 20cc034.snvs-rtc-lp: rtc core: registered 20cc034.snvs-rtc-lp as rtc0
Jan  1 00:00:08 3dr_solo user.info kernel: i2c /dev entries driver
Jan  1 00:00:08 3dr_solo user.info kernel: imx2-wdt 20bc000.wdog: IMX2+ Watchdog Timer enabled. timeout=60s (nowayout=0)
Jan  1 00:00:08 3dr_solo user.info kernel: cpuidle: using governor ladder
Jan  1 00:00:08 3dr_solo user.info kernel: cpuidle: using governor menu
Jan  1 00:00:08 3dr_solo user.info kernel: sdhci: Secure Digital Host Controller Interface driver
Jan  1 00:00:08 3dr_solo user.info kernel: sdhci: Copyright(c) Pierre Ossman
Jan  1 00:00:08 3dr_solo user.info kernel: sdhci-pltfm: SDHCI platform and OF driver helper
Jan  1 00:00:08 3dr_solo user.info kernel: mmc0: no vqmmc regulator found
Jan  1 00:00:08 3dr_solo user.info kernel: mmc0: no vmmc regulator found
Jan  1 00:00:08 3dr_solo user.info kernel: mmc0: SDHCI controller on 2198000.usdhc [2198000.usdhc] using ADMA
Jan  1 00:00:08 3dr_solo user.info kernel: mxc_vdoa 21e4000.vdoa: i.MX Video Data Order Adapter(VDOA) driver probed
Jan  1 00:00:08 3dr_solo user.info kernel: mxc_asrc 2034000.asrc: mxc_asrc registered
Jan  1 00:00:08 3dr_solo user.info kernel: mxc_vpu 2040000.vpu: VPU initialized
Jan  1 00:00:08 3dr_solo user.warn kernel: leds-gpio leds.16: pins are not configured from the driver
Jan  1 00:00:08 3dr_solo user.info kernel: ledtrig-cpu: registered to indicate activity on CPUs
Jan  1 00:00:08 3dr_solo user.info kernel: usbcore: registered new interface driver usbhid
Jan  1 00:00:08 3dr_solo user.info kernel: usbhid: USB HID core driver
Jan  1 00:00:08 3dr_solo user.info kernel: TCP: cubic registered
Jan  1 00:00:08 3dr_solo user.info kernel: NET: Registered protocol family 10
Jan  1 00:00:08 3dr_solo user.info kernel: sit: IPv6 over IPv4 tunneling driver
Jan  1 00:00:08 3dr_solo user.info kernel: NET: Registered protocol family 17
Jan  1 00:00:08 3dr_solo user.info kernel: 8021q: 802.1Q VLAN Support v1.8
Jan  1 00:00:08 3dr_solo user.notice kernel: Key type dns_resolver registered
Jan  1 00:00:08 3dr_solo user.info kernel: VFP support v0.3: implementor 41 architecture 3 part 30 variant 9 rev 4
Jan  1 00:00:08 3dr_solo user.info kernel: input: gpio-keys.22 as /devices/soc0/gpio-keys.22/input/input0
Jan  1 00:00:08 3dr_solo user.info kernel: snvs_rtc 20cc034.snvs-rtc-lp: setting system clock to 1970-01-01 00:00:00 UTC (0)
Jan  1 00:00:08 3dr_solo user.info kernel: ALSA device list:
Jan  1 00:00:08 3dr_solo user.info kernel:   No soundcards found.
Jan  1 00:00:08 3dr_solo user.info kernel: Freeing unused kernel memory: 9708K (80651000 - 80fcc000)
Jan  1 00:00:08 3dr_solo user.info kernel: mmc0: new high speed SDHC card at address aaaa
Jan  1 00:00:08 3dr_solo user.info kernel: mmcblk0: mmc0:aaaa SL08G 7.40 GiB 
Jan  1 00:00:08 3dr_solo user.info kernel:  mmcblk0: p1 p2 p3 p4
Jan  1 00:00:08 3dr_solo user.info kernel: kjournald starting.  Commit interval 5 seconds
Jan  1 00:00:08 3dr_solo user.info kernel: EXT3-fs (mmcblk0p4): using internal journal
Jan  1 00:00:08 3dr_solo user.info kernel: EXT3-fs (mmcblk0p4): mounted filesystem with ordered data mode
Jan  1 00:00:08 3dr_solo user.info kernel: kjournald starting.  Commit interval 5 seconds
Jan  1 00:00:08 3dr_solo user.info kernel: EXT3-fs (mmcblk0p3): using internal journal
Jan  1 00:00:08 3dr_solo user.info kernel: EXT3-fs (mmcblk0p3): mounted filesystem with ordered data mode
Jan  1 00:00:08 3dr_solo user.info kernel: Loading modules backported from Linux version next-20150903-0-ga672f92
Jan  1 00:00:08 3dr_solo user.info kernel: Backport generated by backports.git backports-20150903-0-g7b34ea2
Jan  1 00:00:08 3dr_solo user.info kernel: g_acm_ms gadget: Mass Storage Function, version: 2009/09/11
Jan  1 00:00:08 3dr_solo user.info kernel: g_acm_ms gadget: Number of LUNs=1
Jan  1 00:00:08 3dr_solo user.info kernel:  lun0: LUN: file: /dev/mmcblk0p4
Jan  1 00:00:08 3dr_solo user.info kernel: g_acm_ms gadget: Composite Gadget (ACM + MS), version: 2011/10/10
Jan  1 00:00:08 3dr_solo user.info kernel: cfg80211: World regulatory domain updated:
Jan  1 00:00:08 3dr_solo user.info kernel: g_acm_ms gadget: g_acm_ms ready
Jan  1 00:00:08 3dr_solo user.info kernel: cfg80211:  DFS Master region: unset
Jan  1 00:00:08 3dr_solo user.info kernel: cfg80211:   (start_freq - end_freq @ bandwidth), (max_antenna_gain, max_eirp), (dfs_cac_time)
Jan  1 00:00:08 3dr_solo user.info kernel: cfg80211:   (2402000 KHz - 2472000 KHz @ 40000 KHz), (N/A, 2000 mBm), (N/A)
Jan  1 00:00:08 3dr_solo user.info kernel: cfg80211:   (2457000 KHz - 2482000 KHz @ 40000 KHz), (N/A, 2000 mBm), (N/A)
Jan  1 00:00:08 3dr_solo user.info kernel: cfg80211:   (2474000 KHz - 2494000 KHz @ 20000 KHz), (N/A, 2000 mBm), (N/A)
Jan  1 00:00:08 3dr_solo user.info kernel: cfg80211:   (5170000 KHz - 5250000 KHz @ 160000 KHz), (N/A, 2000 mBm), (N/A)
Jan  1 00:00:08 3dr_solo user.info kernel: cfg80211:   (5250000 KHz - 5330000 KHz @ 160000 KHz), (N/A, 2000 mBm), (0 s)
Jan  1 00:00:08 3dr_solo user.info kernel: cfg80211:   (5490000 KHz - 5730000 KHz @ 160000 KHz), (N/A, 2000 mBm), (0 s)
Jan  1 00:00:08 3dr_solo user.info kernel: cfg80211:   (5735000 KHz - 5835000 KHz @ 80000 KHz), (N/A, 2000 mBm), (N/A)
Jan  1 00:00:08 3dr_solo user.info kernel: cfg80211:   (57240000 KHz - 63720000 KHz @ 2160000 KHz), (N/A, 0 mBm), (N/A)
Jan  1 00:00:08 3dr_solo user.warn kernel: PCI: enabling device 0000:01:00.0 (0140 -> 0142)
Jan  1 00:00:08 3dr_solo user.debug kernel: ath: EEPROM regdomain: 0x0
Jan  1 00:00:08 3dr_solo user.debug kernel: ath: EEPROM indicates default country code should be used
Jan  1 00:00:08 3dr_solo user.debug kernel: ath: doing EEPROM country->regdmn map search
Jan  1 00:00:08 3dr_solo user.debug kernel: ath: country maps to regdmn code: 0x3a
Jan  1 00:00:08 3dr_solo user.debug kernel: ath: Country alpha2 being used: US
Jan  1 00:00:08 3dr_solo user.debug kernel: ath: Regpair used: 0x3a
Jan  1 00:00:08 3dr_solo user.info kernel: kjournald starting.  Commit interval 5 seconds
Jan  1 00:00:08 3dr_solo user.info kernel: EXT3-fs (mmcblk0p4): using internal journal
Jan  1 00:00:08 3dr_solo user.info kernel: EXT3-fs (mmcblk0p4): mounted filesystem with ordered data mode
Jan  1 00:00:08 3dr_solo user.debug kernel: ieee80211 phy0: Selected rate control algorithm 'minstrel_ht'
Jan  1 00:00:08 3dr_solo user.info kernel: cfg80211: Regulatory domain changed to country: US
Jan  1 00:00:08 3dr_solo user.info kernel: ieee80211 phy0: Atheros AR9300 Rev:3 mem=0xa0c00000, irq=155
Jan  1 00:00:08 3dr_solo user.info kernel: cfg80211:  DFS Master region: FCC
Jan  1 00:00:08 3dr_solo user.info kernel: cfg80211:   (start_freq - end_freq @ bandwidth), (max_antenna_gain, max_eirp), (dfs_cac_time)
Jan  1 00:00:08 3dr_solo user.info kernel: cfg80211:   (2402000 KHz - 2472000 KHz @ 40000 KHz), (N/A, 3000 mBm), (N/A)
Jan  1 00:00:08 3dr_solo user.info kernel: cfg80211:   (5170000 KHz - 5250000 KHz @ 80000 KHz), (N/A, 1700 mBm), (N/A)
Jan  1 00:00:08 3dr_solo user.info kernel: cfg80211:   (5250000 KHz - 5330000 KHz @ 80000 KHz), (N/A, 2300 mBm), (0 s)
Jan  1 00:00:08 3dr_solo user.info kernel: cfg80211:   (5735000 KHz - 5835000 KHz @ 80000 KHz), (N/A, 3000 mBm), (N/A)
Jan  1 00:00:08 3dr_solo user.info kernel: cfg80211:   (57240000 KHz - 63720000 KHz @ 2160000 KHz), (N/A, 4000 mBm), (N/A)
Jan  1 00:00:08 3dr_solo user.warn kernel: Checking SoloLink configuration... OK
Jan  1 00:00:10 3dr_solo user.info kernel: IPv6: ADDRCONF(NETDEV_UP): wlan0: link is not ready
Feb 27 07:03:02 3dr_solo user.notice  px4=
Feb 27 07:03:02 3dr_solo user.notice 
Feb 27 07:03:02 3dr_solo user.notice 
Feb 27 07:03:02 3dr_solo user.notice 
Feb 27 07:03:02 3dr_solo user.notice 
Feb 27 07:03:02 3dr_solo user.notice 
Feb 27 07:03:02 3dr_solo user.notice 
Feb 27 07:03:02 3dr_solo user.notice 
Feb 27 07:03:02 3dr_solo user.notice  nuttx=cb42c85
Feb 27 07:03:03 3dr_solo user.info kernel: usb 1-1: new full-speed USB device number 2 using ci_hdrc
Feb 27 07:03:03 3dr_solo user.err kernel: cdc_acm 1-1:1.0: This device cannot do calls on its own. It is not a modem.
Feb 27 07:03:03 3dr_solo user.info kernel: cdc_acm 1-1:1.0: ttyACM0: USB ACM device
Feb 27 07:03:03 3dr_solo user.info kernel: usbcore: registered new interface driver cdc_acm
Feb 27 07:03:03 3dr_solo user.info kernel: cdc_acm: USB Abstract Control Model driver for USB modems and ISDN adapters
Feb 27 07:03:08 3dr_solo user.info kernel: wlan0: authenticate with 8a:dc:96:43:0b:ee
Feb 27 07:03:08 3dr_solo user.info kernel: wlan0: send auth to 8a:dc:96:43:0b:ee (try 1/3)
Feb 27 07:03:08 3dr_solo user.info kernel: wlan0: authenticated
Feb 27 07:03:08 3dr_solo user.info kernel: wlan0: associate with 8a:dc:96:43:0b:ee (try 1/3)
Feb 27 07:03:08 3dr_solo user.info kernel: wlan0: RX AssocResp from 8a:dc:96:43:0b:ee (capab=0x411 status=0 aid=1)
Feb 27 07:03:08 3dr_solo user.info kernel: IPv6: ADDRCONF(NETDEV_CHANGE): wlan0: link becomes ready
Feb 27 07:03:08 3dr_solo user.info kernel: wlan0: associated
Feb 27 07:03:08 3dr_solo user.info kernel: cfg80211: Regulatory domain changed to country: US
Feb 27 07:03:08 3dr_solo user.info kernel: cfg80211:  DFS Master region: FCC
Feb 27 07:03:08 3dr_solo user.info kernel: cfg80211:   (start_freq - end_freq @ bandwidth), (max_antenna_gain, max_eirp), (dfs_cac_time)
Feb 27 07:03:08 3dr_solo user.info kernel: cfg80211:   (2402000 KHz - 2472000 KHz @ 40000 KHz), (N/A, 3000 mBm), (N/A)
Feb 27 07:03:08 3dr_solo user.info kernel: cfg80211:   (5170000 KHz - 5250000 KHz @ 80000 KHz), (N/A, 1700 mBm), (N/A)
Feb 27 07:03:08 3dr_solo user.info kernel: cfg80211:   (5250000 KHz - 5330000 KHz @ 80000 KHz), (N/A, 2300 mBm), (0 s)
Feb 27 07:03:08 3dr_solo user.info kernel: cfg80211:   (5735000 KHz - 5835000 KHz @ 80000 KHz), (N/A, 3000 mBm), (N/A)
Feb 27 07:03:08 3dr_solo user.info kernel: cfg80211:   (57240000 KHz - 63720000 KHz @ 2160000 KHz), (N/A, 4000 mBm), (N/A)
Feb 27 07:03:09 3dr_solo user.info kernel: usb 1-1: USB disconnect, device number 2
Feb 27 07:03:09 3dr_solo user.warn kernel: Checking wlan0... OK
Feb 27 07:03:09 3dr_solo user.info kernel: wlan0: deauthenticating from 8a:dc:96:43:0b:ee by local choice (Reason: 3=DEAUTH_LEAVING)
Feb 27 07:03:09 3dr_solo user.info kernel: cfg80211: World regulatory domain updated:
Feb 27 07:03:09 3dr_solo user.info kernel: cfg80211:  DFS Master region: unset
Feb 27 07:03:09 3dr_solo user.info kernel: cfg80211:   (start_freq - end_freq @ bandwidth), (max_antenna_gain, max_eirp), (dfs_cac_time)
Feb 27 07:03:09 3dr_solo user.info kernel: cfg80211:   (2402000 KHz - 2472000 KHz @ 40000 KHz), (N/A, 2000 mBm), (N/A)
Feb 27 07:03:09 3dr_solo user.info kernel: cfg80211:   (2457000 KHz - 2482000 KHz @ 40000 KHz), (N/A, 2000 mBm), (N/A)
Feb 27 07:03:09 3dr_solo user.info kernel: cfg80211:   (2474000 KHz - 2494000 KHz @ 20000 KHz), (N/A, 2000 mBm), (N/A)
Feb 27 07:03:09 3dr_solo user.info kernel: cfg80211:   (5170000 KHz - 5250000 KHz @ 160000 KHz), (N/A, 2000 mBm), (N/A)
Feb 27 07:03:09 3dr_solo user.info kernel: cfg80211:   (5250000 KHz - 5330000 KHz @ 160000 KHz), (N/A, 2000 mBm), (0 s)
Feb 27 07:03:09 3dr_solo user.info kernel: cfg80211:   (5490000 KHz - 5730000 KHz @ 160000 KHz), (N/A, 2000 mBm), (0 s)
Feb 27 07:03:09 3dr_solo user.info kernel: cfg80211:   (5735000 KHz - 5835000 KHz @ 80000 KHz), (N/A, 2000 mBm), (N/A)
Feb 27 07:03:09 3dr_solo user.info kernel: cfg80211:   (57240000 KHz - 63720000 KHz @ 2160000 KHz), (N/A, 0 mBm), (N/A)
Feb 27 07:03:09 3dr_solo user.info kernel: wlan0: authenticate with 8a:dc:96:43:0b:ee
Feb 27 07:03:09 3dr_solo user.info kernel: wlan0: send auth to 8a:dc:96:43:0b:ee (try 1/3)
Feb 27 07:03:09 3dr_solo user.info kernel: wlan0: authenticated
Feb 27 07:03:09 3dr_solo user.info kernel: wlan0: associate with 8a:dc:96:43:0b:ee (try 1/3)
Feb 27 07:03:09 3dr_solo user.info kernel: wlan0: RX AssocResp from 8a:dc:96:43:0b:ee (capab=0x411 status=0 aid=1)
Feb 27 07:03:09 3dr_solo user.info kernel: wlan0: associated
Feb 27 07:03:09 3dr_solo user.info kernel: cfg80211: Regulatory domain changed to country: US
Feb 27 07:03:09 3dr_solo user.info kernel: cfg80211:  DFS Master region: FCC
Feb 27 07:03:09 3dr_solo user.info kernel: cfg80211:   (start_freq - end_freq @ bandwidth), (max_antenna_gain, max_eirp), (dfs_cac_time)
Feb 27 07:03:09 3dr_solo user.info kernel: cfg80211:   (2402000 KHz - 2472000 KHz @ 40000 KHz), (N/A, 3000 mBm), (N/A)
Feb 27 07:03:09 3dr_solo user.info kernel: cfg80211:   (5170000 KHz - 5250000 KHz @ 80000 KHz), (N/A, 1700 mBm), (N/A)
Feb 27 07:03:09 3dr_solo user.info kernel: cfg80211:   (5250000 KHz - 5330000 KHz @ 80000 KHz), (N/A, 2300 mBm), (0 s)
Feb 27 07:03:09 3dr_solo user.info kernel: cfg80211:   (5735000 KHz - 5835000 KHz @ 80000 KHz), (N/A, 3000 mBm), (N/A)
Feb 27 07:03:09 3dr_solo user.info kernel: cfg80211:   (57240000 KHz - 63720000 KHz @ 2160000 KHz), (N/A, 4000 mBm), (N/A)
Feb 27 07:03:11 3dr_solo user.debug kernel: imx-ipuv3 2400000.ipu: CSI_SENS_CONF = 0x00000900
Feb 27 07:03:11 3dr_solo user.debug kernel: imx-ipuv3 2400000.ipu: CSI_ACT_FRM_SIZE = 0x01DF027F
Feb 27 07:03:11 3dr_solo user.debug kernel: imx-ipuv3 2400000.ipu: CSI_SENS_CONF = 0x00000900
Feb 27 07:03:11 3dr_solo user.debug kernel: imx-ipuv3 2400000.ipu: CSI_ACT_FRM_SIZE = 0x01DF027F
Feb 27 07:03:11 3dr_solo user.debug kernel: imx-ipuv3 2400000.ipu: CSI_SENS_CONF = 0x00000950
Feb 27 07:03:11 3dr_solo user.debug kernel: imx-ipuv3 2400000.ipu: CSI_ACT_FRM_SIZE = 0x01DF027F
